<html>
<body>
<pre>
<h1>礦ision Build Log</h1>
<h2>Tool Versions:</h2>
IDE-Version: μVision V5.18.0.0
Copyright (C) 2016 ARM Ltd and ARM Germany GmbH. All rights reserved.
License Information: 12 12, 12, LIC=IK1CX-HSS8D-ARAXW-QI7KE-DCALZ-CAJW8
 
Tool Versions:
Toolchain:       MDK-ARM Standard  Version: 5.18
Toolchain Path:  C:\Keil_v5\ARM\ARMCC\Bin
C Compiler:      Armcc.exe V5.06 update 1 (build 61)
Assembler:       Armasm.exe V5.06 update 1 (build 61)
Linker/Locator:  ArmLink.exe V5.06 update 1 (build 61)
Library Manager: ArmAr.exe V5.06 update 1 (build 61)
Hex Converter:   FromElf.exe V5.06 update 1 (build 61)
CPU DLL:         SARMCM3.DLL V5.18
Dialog DLL:      DCM.DLL V1.13.6.0
Target DLL:      Segger\JL2CM3.dll V2.99.18.0
Dialog DLL:      TCM.DLL V1.14.8.0
 
<h2>Project:</h2>
E:\4.0\带宽限制之后，变频不变幅 - 副本\F103ZET6_hz100\USER\OLED.uvprojx
Project File Date:  03/22/2019

<h2>Output:</h2>
*** Using Compiler 'V5.06 update 1 (build 61)', folder: 'C:\Keil_v5\ARM\ARMCC\Bin'
Build target 'Target 1'
compiling menu.c...
..\HARDWARE\oled\menu\menu.c(149): warning:  #223-D: function "OLED_Refresh_Gram" declared implicitly
  		OLED_Refresh_Gram();
..\HARDWARE\oled\menu\menu.c(310): warning:  #167-D: argument of type "char *" is incompatible with parameter of type "u8 *"
  			OLED_ShowString(10, CountLine(location), ap);//??示
..\HARDWARE\oled\menu\menu.c(314): warning:  #167-D: argument of type "char *" is incompatible with parameter of type "u8 *"
  			OLED_ShowString(10, CountLine(location), name);//??示
..\HARDWARE\oled\menu\menu.c(469): warning:  #167-D: argument of type "char *" is incompatible with parameter of type "u8 *"
  	OLED_ShowString(sa, 0, nowPage->page);//???票???
..\HARDWARE\oled\menu\menu.c: 4 warnings, 0 errors
linking...
Program Size: Code=30402 RO-data=2906 RW-data=676 ZI-data=8900  
FromELF: creating hex file...
"..\OBJ\OLED.axf" - 0 Error(s), 4 Warning(s).

<h2>Collection of Component include folders:</h2>
  E:\4.0\带宽限制之后，变频不变幅 - 副本\F103ZET6_hz100\USER\RTE
  C:\Keil_v5\ARM\PACK\Keil\STM32F1xx_DFP\2.0.0\Device\Include

<h2>Collection of Component Files used:</h2>
Build Time Elapsed:  00:00:01
</pre>
</body>
</html>
