Component: ARM Compiler 5.06 update 1 (build 61) Tool: armlink [4d35a8]

==============================================================================

Section Cross References

    main.o(.text) refers to stmflash.o(.text) for STMFLASH_Read
    main.o(.text) refers to delay.o(.text) for delay_init
    main.o(.text) refers to sys.o(.text) for NVIC_Configuration
    main.o(.text) refers to timer.o(.text) for TIM2_PWM_Init
    main.o(.text) refers to menu.o(.text) for Init_Menue
    main.o(.text) refers to dma.o(.text) for MYDMA_Config
    main.o(.text) refers to adc.o(.text) for Adc_Init
    main.o(.text) refers to oled.o(.text) for OLED_Init
    main.o(.text) refers to key.o(.text) for KEY_Init
    main.o(.text) refers to fflt_clz.o(x$fpl$ffltu) for __aeabi_ui2f
    main.o(.text) refers to fmul.o(x$fpl$fmul) for __aeabi_fmul
    main.o(.text) refers to ffix.o(x$fpl$ffix) for __aeabi_f2iz
    main.o(.text) refers to stm32f10x_tim.o(.text) for TIM_SetAutoreload
    main.o(.text) refers to main.o(.data) for rrr
    main.o(.text) refers to menu.o(.data) for kkint1
    main.o(.text) refers to main.o(.bss) for DMA_ADC
    main.o(.text) refers to spwm.o(.data) for sin_max
    system_stm32f10x.o(.text) refers to system_stm32f10x.o(.data) for SystemCoreClock
    timer.o(.text) refers to stm32f10x_rcc.o(.text) for RCC_APB1PeriphClockCmd
    timer.o(.text) refers to stm32f10x_gpio.o(.text) for GPIO_Init
    timer.o(.text) refers to stm32f10x_tim.o(.text) for TIM_TimeBaseInit
    timer.o(.text) refers to misc.o(.text) for NVIC_Init
    spwm.o(.text) refers to stm32f10x_tim.o(.text) for TIM_GetITStatus
    spwm.o(.text) refers to spwm.o(.data) for sin_max
    feedback.o(.text) refers to fflt_clz.o(x$fpl$ffltu) for __aeabi_ui2f
    feedback.o(.text) refers to faddsub_clz.o(x$fpl$fadd) for __aeabi_fadd
    feedback.o(.text) refers to fdiv.o(x$fpl$fdiv) for __aeabi_fdiv
    feedback.o(.text) refers to fmul.o(x$fpl$fmul) for __aeabi_fmul
    feedback.o(.text) refers to f2d.o(x$fpl$f2d) for __aeabi_f2d
    feedback.o(.text) refers to sqrt.o(i.sqrt) for sqrt
    feedback.o(.text) refers to d2f.o(x$fpl$d2f) for __aeabi_d2f
    feedback.o(.text) refers to stm32f10x_tim.o(.text) for TIM_GetITStatus
    feedback.o(.text) refers to feedback.o(.data) for adc_flag
    feedback.o(.text) refers to main.o(.bss) for DMA_ADC
    adc.o(.text) refers to stm32f10x_rcc.o(.text) for RCC_APB2PeriphClockCmd
    adc.o(.text) refers to stm32f10x_gpio.o(.text) for GPIO_Init
    adc.o(.text) refers to stm32f10x_adc.o(.text) for ADC_DeInit
    adc.o(.text) refers to delay.o(.text) for delay_ms
    dma.o(.text) refers to stm32f10x_rcc.o(.text) for RCC_AHBPeriphClockCmd
    dma.o(.text) refers to stm32f10x_dma.o(.text) for DMA_DeInit
    dma.o(.text) refers to dma.o(.data) for DMA1_MEM_LEN
    dma.o(.text) refers to dma.o(.bss) for DMA_InitStructure
    led.o(.text) refers to stm32f10x_rcc.o(.text) for RCC_APB2PeriphClockCmd
    led.o(.text) refers to stm32f10x_gpio.o(.text) for GPIO_Init
    stmflash.o(.text) refers to stm32f10x_flash.o(.text) for FLASH_ProgramHalfWord
    stmflash.o(.text) refers to stmflash.o(.bss) for STMFLASH_BUF
    stack.o(.text) refers to rt_memcpy_w.o(.text) for __aeabi_memcpy4
    menu.o(.text) refers to _printf_percent.o(.ARM.Collect$$_printf_percent$$00000000) for _printf_percent
    menu.o(.text) refers to _printf_d.o(.ARM.Collect$$_printf_percent$$00000009) for _printf_d
    menu.o(.text) refers to _printf_dec.o(.text) for _printf_int_dec
    menu.o(.text) refers to _printf_f.o(.ARM.Collect$$_printf_percent$$00000003) for _printf_f
    menu.o(.text) refers to printf1.o(x$fpl$printf1) for _printf_fp_dec
    menu.o(.text) refers to f2d.o(x$fpl$f2d) for __aeabi_f2d
    menu.o(.text) refers to daddsub_clz.o(x$fpl$dadd) for __aeabi_dadd
    menu.o(.text) refers to d2f.o(x$fpl$d2f) for __aeabi_d2f
    menu.o(.text) refers to daddsub_clz.o(x$fpl$dsub) for __aeabi_dsub
    menu.o(.text) refers to rt_memclr_w.o(.text) for __aeabi_memclr4
    menu.o(.text) refers to strstr.o(.text) for strstr
    menu.o(.text) refers to noretval__2sprintf.o(.text) for __2sprintf
    menu.o(.text) refers to strcat.o(.text) for strcat
    menu.o(.text) refers to oled.o(.text) for OLED_ShowString
    menu.o(.text) refers to stack.o(.text) for Push
    menu.o(.text) refers to stmflash.o(.text) for STMFLASH_Write
    menu.o(.text) refers to dflt_clz.o(x$fpl$dflt) for __aeabi_i2d
    menu.o(.text) refers to dfix.o(x$fpl$dfix) for __aeabi_d2iz
    menu.o(.text) refers to faddsub_clz.o(x$fpl$frsb) for __aeabi_frsub
    menu.o(.text) refers to feqf.o(x$fpl$feqf) for __aeabi_cfcmpeq
    menu.o(.text) refers to faddsub_clz.o(x$fpl$fsub) for __aeabi_fsub
    menu.o(.text) refers to fdiv.o(x$fpl$fdiv) for __aeabi_fdiv
    menu.o(.text) refers to fmul.o(x$fpl$fmul) for __aeabi_fmul
    menu.o(.text) refers to ffix.o(x$fpl$ffix) for __aeabi_f2iz
    menu.o(.text) refers to fflt_clz.o(x$fpl$fflt) for __aeabi_i2f
[...]
    _printf_f                                0x080001e5   Thumb Code     0  _printf_f.o(.ARM.Collect$$_printf_percent$$00000003)
    _printf_percent                          0x080001e5   Thumb Code     0  _printf_percent.o(.ARM.Collect$$_printf_percent$$00000000)
    _printf_d                                0x080001eb   Thumb Code     0  _printf_d.o(.ARM.Collect$$_printf_percent$$00000009)
    _printf_percent_end                      0x080001f1   Thumb Code     0  _printf_percent_end.o(.ARM.Collect$$_printf_percent$$00000017)
    __rt_lib_init                            0x080001f5   Thumb Code     0  libinit.o(.ARM.Collect$$libinit$$00000000)
    __rt_lib_init_fp_1                       0x080001f7   Thumb Code     0  libinit2.o(.ARM.Collect$$libinit$$00000002)
    __rt_lib_init_heap_1                     0x080001f7   Thumb Code     0  libinit2.o(.ARM.Collect$$libinit$$0000000A)
    __rt_lib_init_lc_common                  0x080001f7   Thumb Code     0  libinit2.o(.ARM.Collect$$libinit$$0000000F)
    __rt_lib_init_preinit_1                  0x080001f7   Thumb Code     0  libinit2.o(.ARM.Collect$$libinit$$00000004)
    __rt_lib_init_rand_1                     0x080001f7   Thumb Code     0  libinit2.o(.ARM.Collect$$libinit$$0000000E)
    __rt_lib_init_user_alloc_1               0x080001f7   Thumb Code     0  libinit2.o(.ARM.Collect$$libinit$$0000000C)
    __rt_lib_init_lc_collate_1               0x080001fd   Thumb Code     0  libinit2.o(.ARM.Collect$$libinit$$00000011)
    __rt_lib_init_lc_ctype_1                 0x080001fd   Thumb Code     0  libinit2.o(.ARM.Collect$$libinit$$00000013)
    __rt_lib_init_lc_monetary_1              0x080001fd   Thumb Code     0  libinit2.o(.ARM.Collect$$libinit$$00000015)
    __rt_lib_init_lc_numeric_2               0x080001fd   Thumb Code     0  libinit2.o(.ARM.Collect$$libinit$$00000016)
    __rt_lib_init_alloca_1                   0x08000207   Thumb Code     0  libinit2.o(.ARM.Collect$$libinit$$0000002E)
    __rt_lib_init_argv_1                     0x08000207   Thumb Code     0  libinit2.o(.ARM.Collect$$libinit$$0000002C)
    __rt_lib_init_atexit_1                   0x08000207   Thumb Code     0  libinit2.o(.ARM.Collect$$libinit$$0000001B)
    __rt_lib_init_clock_1                    0x08000207   Thumb Code     0  libinit2.o(.ARM.Collect$$libinit$$00000021)
    __rt_lib_init_cpp_1                      0x08000207   Thumb Code     0  libinit2.o(.ARM.Collect$$libinit$$00000032)
    __rt_lib_init_exceptions_1               0x08000207   Thumb Code     0  libinit2.o(.ARM.Collect$$libinit$$00000030)
    __rt_lib_init_fp_trap_1                  0x08000207   Thumb Code     0  libinit2.o(.ARM.Collect$$libinit$$0000001F)
    __rt_lib_init_getenv_1                   0x08000207   Thumb Code     0  libinit2.o(.ARM.Collect$$libinit$$00000023)
    __rt_lib_init_lc_numeric_1               0x08000207   Thumb Code     0  libinit2.o(.ARM.Collect$$libinit$$00000017)
    __rt_lib_init_lc_time_1                  0x08000207   Thumb Code     0  libinit2.o(.ARM.Collect$$libinit$$00000019)
    __rt_lib_init_return                     0x08000207   Thumb Code     0  libinit2.o(.ARM.Collect$$libinit$$00000033)
    __rt_lib_init_signal_1                   0x08000207   Thumb Code     0  libinit2.o(.ARM.Collect$$libinit$$0000001D)
    __rt_lib_init_stdio_1                    0x08000207   Thumb Code     0  libinit2.o(.ARM.Collect$$libinit$$00000025)
    __rt_lib_shutdown                        0x08000209   Thumb Code     0  libshutdown.o(.ARM.Collect$$libshutdown$$00000000)
    __rt_lib_shutdown_cpp_1                  0x0800020b   Thumb Code     0  libshutdown2.o(.ARM.Collect$$libshutdown$$00000002)
    __rt_lib_shutdown_fp_trap_1              0x0800020b   Thumb Code     0  libshutdown2.o(.ARM.Collect$$libshutdown$$00000007)
    __rt_lib_shutdown_heap_1                 0x0800020b   Thumb Code     0  libshutdown2.o(.ARM.Collect$$libshutdown$$0000000F)
    __rt_lib_shutdown_return                 0x0800020b   Thumb Code     0  libshutdown2.o(.ARM.Collect$$libshutdown$$00000010)
    __rt_lib_shutdown_signal_1               0x0800020b   Thumb Code     0  libshutdown2.o(.ARM.Collect$$libshutdown$$0000000A)
    __rt_lib_shutdown_stdio_1                0x0800020b   Thumb Code     0  libshutdown2.o(.ARM.Collect$$libshutdown$$00000004)
    __rt_lib_shutdown_user_alloc_1           0x0800020b   Thumb Code     0  libshutdown2.o(.ARM.Collect$$libshutdown$$0000000C)
    __rt_entry                               0x0800020d   Thumb Code     0  __rtentry.o(.ARM.Collect$$rtentry$$00000000)
    __rt_entry_presh_1                       0x0800020d   Thumb Code     0  __rtentry2.o(.ARM.Collect$$rtentry$$00000002)
    __rt_entry_sh                            0x0800020d   Thumb Code     0  __rtentry4.o(.ARM.Collect$$rtentry$$00000004)
    __rt_entry_li                            0x08000213   Thumb Code     0  __rtentry2.o(.ARM.Collect$$rtentry$$0000000A)
    __rt_entry_postsh_1                      0x08000213   Thumb Code     0  __rtentry2.o(.ARM.Collect$$rtentry$$00000009)
    __rt_entry_main                          0x08000217   Thumb Code     0  __rtentry2.o(.ARM.Collect$$rtentry$$0000000D)
    __rt_entry_postli_1                      0x08000217   Thumb Code     0  __rtentry2.o(.ARM.Collect$$rtentry$$0000000C)
    __rt_exit                                0x0800021f   Thumb Code     0  rtexit.o(.ARM.Collect$$rtexit$$00000000)
    __rt_exit_ls                             0x08000221   Thumb Code     0  rtexit2.o(.ARM.Collect$$rtexit$$00000003)
    __rt_exit_prels_1                        0x08000221   Thumb Code     0  rtexit2.o(.ARM.Collect$$rtexit$$00000002)
    __rt_exit_exit                           0x08000225   Thumb Code     0  rtexit2.o(.ARM.Collect$$rtexit$$00000004)
    main                                     0x0800022d   Thumb Code   180  main.o(.text)
    NMI_Handler                              0x08000311   Thumb Code     2  stm32f10x_it.o(.text)
    HardFault_Handler                        0x08000313   Thumb Code     4  stm32f10x_it.o(.text)
    MemManage_Handler                        0x08000317   Thumb Code     4  stm32f10x_it.o(.text)
    BusFault_Handler                         0x0800031b   Thumb Code     4  stm32f10x_it.o(.text)
    UsageFault_Handler                       0x0800031f   Thumb Code     4  stm32f10x_it.o(.text)
    SVC_Handler                              0x08000323   Thumb Code     2  stm32f10x_it.o(.text)
    DebugMon_Handler                         0x08000325   Thumb Code     2  stm32f10x_it.o(.text)
    PendSV_Handler                           0x08000327   Thumb Code     2  stm32f10x_it.o(.text)
    SysTick_Handler                          0x08000329   Thumb Code     2  stm32f10x_it.o(.text)
    SystemInit                               0x0800040b   Thumb Code    78  system_stm32f10x.o(.text)
    SystemCoreClockUpdate                    0x08000459   Thumb Code   142  system_stm32f10x.o(.text)
    TIM2_PWM_Init                            0x0800050d   Thumb Code   218  timer.o(.text)
    TIM4_PWM_Init                            0x080005e7   Thumb Code   122  timer.o(.text)
    TIM3_Int_Init                            0x08000661   Thumb Code    90  timer.o(.text)
    TIM2_IRQHandler                          0x080006cd   Thumb Code    40  spwm.o(.text)
    average                                  0x080006f9   Thumb Code    64  feedback.o(.text)
    Filter_Init                              0x08000739   Thumb Code    94  feedback.o(.text)
    ADC_Filtration                           0x08000797   Thumb Code   140  feedback.o(.text)
    TIM3_IRQHandler                          0x08000823   Thumb Code   324  feedback.o(.text)
    kongzhi                                  0x08000967   Thumb Code     2  feedback.o(.text)
    Adc_Init                                 0x0800098d   Thumb Code   206  adc.o(.text)
    Get_Adc                                  0x08000a5b   Thumb Code    46  adc.o(.text)
    Get_Adc_Average                          0x08000a89   Thumb Code    46  adc.o(.text)
    MYDMA_Config                             0x08000ac5   Thumb Code    92  dma.o(.text)
    STMFLASH_ReadHalfWord                    0x08000b2d   Thumb Code     6  stmflash.o(.text)
    STMFLASH_Write_NoCheck                   0x08000b33   Thumb Code    38  stmflash.o(.text)
    STMFLASH_Read                            0x08000b59   Thumb Code    34  stmflash.o(.text)
    STMFLASH_Write                           0x08000b7b   Thumb Code   222  stmflash.o(.text)
    Test_Write                               0x08000c59   Thumb Code    16  stmflash.o(.text)
    StackIsEmpty                             0x08000c71   Thumb Code    18  stack.o(.text)
    Push                                     0x08000c83   Thumb Code    68  stack.o(.text)
    Pop                                      0x08000cc7   Thumb Code    84  stack.o(.text)
    Change_Data1                             0x08000d1d   Thumb Code    94  menu.o(.text)
    CountLine                                0x08000d7b   Thumb Code    12  menu.o(.text)
    StringCopy                               0x08000d87   Thumb Code    24  menu.o(.text)
    CanShow                                  0x08000d9f   Thumb Code    26  menu.o(.text)
    Show_Text                                0x08000db9   Thumb Code   220  menu.o(.text)
    Change_Page                              0x08000e95   Thumb Code    68  menu.o(.text)
    Change_Data3                             0x08000ed9   Thumb Code   114  menu.o(.text)
    Draw_course                              0x08000f4b   Thumb Code    24  menu.o(.text)
    Draw_line                                0x08000f63   Thumb Code   290  menu.o(.text)
    Get_key                                  0x08001085   Thumb Code   272  menu.o(.text)
    Set_Courese                              0x08001195   Thumb Code   166  menu.o(.text)
    _firstPage                               0x0800123b   Thumb Code   284  menu.o(.text)
    _Servo_1                                 0x08001357   Thumb Code    30  menu.o(.text)
    Change_Data12                            0x08001375   Thumb Code    94  menu.o(.text)
    _Servo_2                                 0x080013d3   Thumb Code   130  menu.o(.text)
    Change_Data4                             0x08001455   Thumb Code    48  menu.o(.text)
    _Servo_3                                 0x08001485   Thumb Code    30  menu.o(.text)
    Menue_Show                               0x080014a3   Thumb Code    20  menu.o(.text)
    Init_Menue                               0x080014b7   Thumb Code    32  menu.o(.text)
    KeyNumGet                                0x080014d7   Thumb Code    14  menu.o(.text)
    Draw_Rectangle                           0x080014e5   Thumb Code   414  menu.o(.text)
    Draw_Circle                              0x08001683   Thumb Code   230  menu.o(.text)
    Change_Data2                             0x08001769   Thumb Code    94  menu.o(.text)
    Change_Data                              0x080017c7   Thumb Code    94  menu.o(.text)
    Change_Data11                            0x08001825   Thumb Code    94  menu.o(.text)
    OLED_WR_Byte                             0x080018a9   Thumb Code   126  oled.o(.text)
    OLED_WR_Byte2                            0x08001927   Thumb Code   126  oled.o(.text)
    OLED_Set_Pos                             0x080019a5   Thumb Code    46  oled.o(.text)
    OLED_Display_On                          0x080019d3   Thumb Code    28  oled.o(.text)
    OLED_Display_Off                         0x080019ef   Thumb Code    28  oled.o(.text)
    OLED_Clear                               0x08001a0b   Thumb Code    64  oled.o(.text)
    OLED_Fill                                0x08001a4b   Thumb Code    14  oled.o(.text)
    OLED_DrawPoint                           0x08001a59   Thumb Code   100  oled.o(.text)
    OLED_Refresh_Gram                        0x08001abd   Thumb Code    70  oled.o(.text)
    OLED_ShowChar                            0x08001b03   Thumb Code   122  oled.o(.text)
    oled_pow                                 0x08001b7d   Thumb Code    22  oled.o(.text)
    OLED_ShowNum                             0x08001b93   Thumb Code   132  oled.o(.text)
    OLED_ShowString                          0x08001c17   Thumb Code    52  oled.o(.text)
    OLED_ShowCHinese                         0x08001c4b   Thumb Code   114  oled.o(.text)
    OLED_DrawBMP                             0x08001cbd   Thumb Code   118  oled.o(.text)
    OLED_Init                                0x08001d33   Thumb Code   336  oled.o(.text)
    IsEmpty                                  0x08001e89   Thumb Code    44  queue.o(.text)
    IQueue                                   0x08001eb5   Thumb Code    62  queue.o(.text)
    OQueue                                   0x08001ef3   Thumb Code    66  queue.o(.text)
    KEY_Init                                 0x08001f35   Thumb Code    96  key.o(.text)
    KEY_Scan                                 0x08001f95   Thumb Code   174  key.o(.text)
    delay_init                               0x08002055   Thumb Code    50  delay.o(.text)
    delay_us                                 0x08002087   Thumb Code    72  delay.o(.text)
    delay_ms                                 0x080020cf   Thumb Code    72  delay.o(.text)
    NVIC_Configuration                       0x08002129   Thumb Code    12  sys.o(.text)
    _sys_exit                                0x08002135   Thumb Code     6  usart.o(.text)
    fputc                                    0x0800213b   Thumb Code    24  usart.o(.text)
    uart_init                                0x08002153   Thumb Code   152  usart.o(.text)
    USART1_IRQHandler                        0x080021eb   Thumb Code   122  usart.o(.text)
    Reset_Handler                            0x08002275   Thumb Code     8  startup_stm32f10x_hd.o(.text)
    ADC1_2_IRQHandler                        0x0800228f   Thumb Code     0  startup_stm32f10x_hd.o(.text)
    ADC3_IRQHandler                          0x0800228f   Thumb Code     0  startup_stm32f10x_hd.o(.text)
    CAN1_RX1_IRQHandler                      0x0800228f   Thumb Code     0  startup_stm32f10x_hd.o(.text)
    CAN1_SCE_IRQHandler                      0x0800228f   Thumb Code     0  startup_stm32f10x_hd.o(.text)
    DMA1_Channel1_IRQHandler                 0x0800228f   Thumb Code     0  startup_stm32f10x_hd.o(.text)
    DMA1_Channel2_IRQHandler                 0x0800228f   Thumb Code     0  startup_stm32f10x_hd.o(.text)
    DMA1_Channel3_IRQHandler                 0x0800228f   Thumb Code     0  startup_stm32f10x_hd.o(.text)
    DMA1_Channel4_IRQHandler                 0x0800228f   Thumb Code     0  startup_stm32f10x_hd.o(.text)
    DMA1_Channel5_IRQHandler                 0x0800228f   Thumb Code     0  startup_stm32f10x_hd.o(.text)
    DMA1_Channel6_IRQHandler                 0x0800228f   Thumb Code     0  startup_stm32f10x_hd.o(.text)
    DMA1_Channel7_IRQHandler                 0x0800228f   Thumb Code     0  startup_stm32f10x_hd.o(.text)
    DMA2_Channel1_IRQHandler                 0x0800228f   Thumb Code     0  startup_stm32f10x_hd.o(.text)
    DMA2_Channel2_IRQHandler                 0x0800228f   Thumb Code     0  startup_stm32f10x_hd.o(.text)
    DMA2_Channel3_IRQHandler                 0x0800228f   Thumb Code     0  startup_stm32f10x_hd.o(.text)
    DMA2_Channel4_5_IRQHandler               0x0800228f   Thumb Code     0  startup_stm32f10x_hd.o(.text)
    EXTI0_IRQHandler                         0x0800228f   Thumb Code     0  startup_stm32f10x_hd.o(.text)
    EXTI15_10_IRQHandler                     0x0800228f   Thumb Code     0  startup_stm32f10x_hd.o(.text)
    EXTI1_IRQHandler                         0x0800228f   Thumb Code     0  startup_stm32f10x_hd.o(.text)
    EXTI2_IRQHandler                         0x0800228f   Thumb Code     0  startup_stm32f10x_hd.o(.text)
    EXTI3_IRQHandler                         0x0800228f   Thumb Code     0  startup_stm32f10x_hd.o(.text)
    EXTI4_IRQHandler                         0x0800228f   Thumb Code     0  startup_stm32f10x_hd.o(.text)
    EXTI9_5_IRQHandler                       0x0800228f   Thumb Code     0  startup_stm32f10x_hd.o(.text)
    FLASH_IRQHandler                         0x0800228f   Thumb Code     0  startup_stm32f10x_hd.o(.text)
    FSMC_IRQHandler                          0x0800228f   Thumb Code     0  startup_stm32f10x_hd.o(.text)
    I2C1_ER_IRQHandler                       0x0800228f   Thumb Code     0  startup_stm32f10x_hd.o(.text)
    I2C1_EV_IRQHandler                       0x0800228f   Thumb Code     0  startup_stm32f10x_hd.o(.text)
    I2C2_ER_IRQHandler                       0x0800228f   Thumb Code     0  startup_stm32f10x_hd.o(.text)
    I2C2_EV_IRQHandler                       0x0800228f   Thumb Code     0  startup_stm32f10x_hd.o(.text)
    PVD_IRQHandler                           0x0800228f   Thumb Code     0  startup_stm32f10x_hd.o(.text)
    RCC_IRQHandler                           0x0800228f   Thumb Code     0  startup_stm32f10x_hd.o(.text)
    RTCAlarm_IRQHandler                      0x0800228f   Thumb Code     0  startup_stm32f10x_hd.o(.text)
    RTC_IRQHandler                           0x0800228f   Thumb Code     0  startup_stm32f10x_hd.o(.text)
    SDIO_IRQHandler                          0x0800228f   Thumb Code     0  startup_stm32f10x_hd.o(.text)
    SPI1_IRQHandler                          0x0800228f   Thumb Code     0  startup_stm32f10x_hd.o(.text)
    SPI2_IRQHandler                          0x0800228f   Thumb Code     0  startup_stm32f10x_hd.o(.text)
    SPI3_IRQHandler                          0x0800228f   Thumb Code     0  startup_stm32f10x_hd.o(.text)
    TAMPER_IRQHandler                        0x0800228f   Thumb Code     0  startup_stm32f10x_hd.o(.text)
    TIM1_BRK_IRQHandler                      0x0800228f   Thumb Code     0  startup_stm32f10x_hd.o(.text)
    TIM1_CC_IRQHandler                       0x0800228f   Thumb Code     0  startup_stm32f10x_hd.o(.text)
    TIM1_TRG_COM_IRQHandler                  0x0800228f   Thumb Code     0  startup_stm32f10x_hd.o(.text)
    TIM1_UP_IRQHandler                       0x0800228f   Thumb Code     0  startup_stm32f10x_hd.o(.text)
    TIM4_IRQHandler                          0x0800228f   Thumb Code     0  startup_stm32f10x_hd.o(.text)
    TIM5_IRQHandler                          0x0800228f   Thumb Code     0  startup_stm32f10x_hd.o(.text)
    TIM6_IRQHandler                          0x0800228f   Thumb Code     0  startup_stm32f10x_hd.o(.text)
    TIM7_IRQHandler                          0x0800228f   Thumb Code     0  startup_stm32f10x_hd.o(.text)
    TIM8_BRK_IRQHandler                      0x0800228f   Thumb Code     0  startup_stm32f10x_hd.o(.text)
    TIM8_CC_IRQHandler                       0x0800228f   Thumb Code     0  startup_stm32f10x_hd.o(.text)
    TIM8_TRG_COM_IRQHandler                  0x0800228f   Thumb Code     0  startup_stm32f10x_hd.o(.text)
    TIM8_UP_IRQHandler                       0x0800228f   Thumb Code     0  startup_stm32f10x_hd.o(.text)
    UART4_IRQHandler                         0x0800228f   Thumb Code     0  startup_stm32f10x_hd.o(.text)
    UART5_IRQHandler                         0x0800228f   Thumb Code     0  startup_stm32f10x_hd.o(.text)
    USART2_IRQHandler                        0x0800228f   Thumb Code     0  startup_stm32f10x_hd.o(.text)
    USART3_IRQHandler                        0x0800228f   Thumb Code     0  startup_stm32f10x_hd.o(.text)
    USBWakeUp_IRQHandler                     0x0800228f   Thumb Code     0  startup_stm32f10x_hd.o(.text)
    USB_HP_CAN1_TX_IRQHandler                0x0800228f   Thumb Code     0  startup_stm32f10x_hd.o(.text)
    USB_LP_CAN1_RX0_IRQHandler               0x0800228f   Thumb Code     0  startup_stm32f10x_hd.o(.text)
    WWDG_IRQHandler                          0x0800228f   Thumb Code     0  startup_stm32f10x_hd.o(.text)
    __user_initial_stackheap                 0x08002291   Thumb Code     0  startup_stm32f10x_hd.o(.text)
    NVIC_PriorityGroupConfig                 0x080022b5   Thumb Code    10  misc.o(.text)
    NVIC_Init                                0x080022bf   Thumb Code   100  misc.o(.text)
    NVIC_SetVectorTable                      0x08002323   Thumb Code    14  misc.o(.text)
    NVIC_SystemLPConfig                      0x08002331   Thumb Code    34  misc.o(.text)
    SysTick_CLKSourceConfig                  0x08002353   Thumb Code    40  misc.o(.text)
    GPIO_DeInit                              0x08002391   Thumb Code   172  stm32f10x_gpio.o(.text)
    GPIO_AFIODeInit                          0x0800243d   Thumb Code    20  stm32f10x_gpio.o(.text)
    GPIO_Init                                0x08002451   Thumb Code   278  stm32f10x_gpio.o(.text)
    GPIO_StructInit                          0x08002567   Thumb Code    16  stm32f10x_gpio.o(.text)
    GPIO_ReadInputDataBit                    0x08002577   Thumb Code    18  stm32f10x_gpio.o(.text)
    GPIO_ReadInputData                       0x08002589   Thumb Code     8  stm32f10x_gpio.o(.text)
    GPIO_ReadOutputDataBit                   0x08002591   Thumb Code    18  stm32f10x_gpio.o(.text)
    GPIO_ReadOutputData                      0x080025a3   Thumb Code     8  stm32f10x_gpio.o(.text)
    GPIO_SetBits                             0x080025ab   Thumb Code     4  stm32f10x_gpio.o(.text)
    GPIO_ResetBits                           0x080025af   Thumb Code     4  stm32f10x_gpio.o(.text)
    GPIO_WriteBit                            0x080025b3   Thumb Code    10  stm32f10x_gpio.o(.text)
    GPIO_Write                               0x080025bd   Thumb Code     4  stm32f10x_gpio.o(.text)
    GPIO_PinLockConfig                       0x080025c1   Thumb Code    18  stm32f10x_gpio.o(.text)
    GPIO_EventOutputConfig                   0x080025d3   Thumb Code    26  stm32f10x_gpio.o(.text)
    GPIO_EventOutputCmd                      0x080025ed   Thumb Code     6  stm32f10x_gpio.o(.text)
    GPIO_PinRemapConfig                      0x080025f3   Thumb Code   138  stm32f10x_gpio.o(.text)
    GPIO_EXTILineConfig                      0x0800267d   Thumb Code    66  stm32f10x_gpio.o(.text)
    GPIO_ETH_MediaInterfaceConfig            0x080026bf   Thumb Code     8  stm32f10x_gpio.o(.text)
    RCC_DeInit                               0x080026ed   Thumb Code    64  stm32f10x_rcc.o(.text)
    RCC_HSEConfig                            0x0800272d   Thumb Code    70  stm32f10x_rcc.o(.text)
    RCC_GetFlagStatus                        0x08002773   Thumb Code    56  stm32f10x_rcc.o(.text)
    RCC_WaitForHSEStartUp                    0x080027ab   Thumb Code    56  stm32f10x_rcc.o(.text)
    RCC_AdjustHSICalibrationValue            0x080027e3   Thumb Code    20  stm32f10x_rcc.o(.text)
    RCC_HSICmd                               0x080027f7   Thumb Code     6  stm32f10x_rcc.o(.text)
    RCC_PLLConfig                            0x080027fd   Thumb Code    24  stm32f10x_rcc.o(.text)
    RCC_PLLCmd                               0x08002815   Thumb Code     6  stm32f10x_rcc.o(.text)
    RCC_SYSCLKConfig                         0x0800281b   Thumb Code    18  stm32f10x_rcc.o(.text)
    RCC_GetSYSCLKSource                      0x0800282d   Thumb Code    10  stm32f10x_rcc.o(.text)
    RCC_HCLKConfig                           0x08002837   Thumb Code    18  stm32f10x_rcc.o(.text)
    RCC_PCLK1Config                          0x08002849   Thumb Code    18  stm32f10x_rcc.o(.text)
    RCC_PCLK2Config                          0x0800285b   Thumb Code    20  stm32f10x_rcc.o(.text)
    RCC_ITConfig                             0x0800286f   Thumb Code    26  stm32f10x_rcc.o(.text)
    RCC_USBCLKConfig                         0x08002889   Thumb Code     8  stm32f10x_rcc.o(.text)
    RCC_ADCCLKConfig                         0x08002891   Thumb Code    18  stm32f10x_rcc.o(.text)
    RCC_LSEConfig                            0x080028a3   Thumb Code    50  stm32f10x_rcc.o(.text)
    RCC_LSICmd                               0x080028d5   Thumb Code     6  stm32f10x_rcc.o(.text)
    RCC_RTCCLKConfig                         0x080028db   Thumb Code    12  stm32f10x_rcc.o(.text)
    RCC_RTCCLKCmd                            0x080028e7   Thumb Code     8  stm32f10x_rcc.o(.text)
    RCC_GetClocksFreq                        0x080028ef   Thumb Code   192  stm32f10x_rcc.o(.text)
    RCC_AHBPeriphClockCmd                    0x080029af   Thumb Code    26  stm32f10x_rcc.o(.text)
    RCC_APB2PeriphClockCmd                   0x080029c9   Thumb Code    26  stm32f10x_rcc.o(.text)
    RCC_APB1PeriphClockCmd                   0x080029e3   Thumb Code    26  stm32f10x_rcc.o(.text)
    RCC_APB2PeriphResetCmd                   0x080029fd   Thumb Code    26  stm32f10x_rcc.o(.text)
    RCC_APB1PeriphResetCmd                   0x08002a17   Thumb Code    26  stm32f10x_rcc.o(.text)
    RCC_BackupResetCmd                       0x08002a31   Thumb Code     8  stm32f10x_rcc.o(.text)
    RCC_ClockSecuritySystemCmd               0x08002a39   Thumb Code     6  stm32f10x_rcc.o(.text)
    RCC_MCOConfig                            0x08002a3f   Thumb Code     6  stm32f10x_rcc.o(.text)
    RCC_ClearFlag                            0x08002a45   Thumb Code    14  stm32f10x_rcc.o(.text)
    RCC_GetITStatus                          0x08002a53   Thumb Code    20  stm32f10x_rcc.o(.text)
    RCC_ClearITPendingBit                    0x08002a67   Thumb Code     6  stm32f10x_rcc.o(.text)
    USART_DeInit                             0x08002a91   Thumb Code   134  stm32f10x_usart.o(.text)
    USART_Init                               0x08002b17   Thumb Code   210  stm32f10x_usart.o(.text)
    USART_StructInit                         0x08002be9   Thumb Code    24  stm32f10x_usart.o(.text)
    USART_ClockInit                          0x08002c01   Thumb Code    34  stm32f10x_usart.o(.text)
    USART_ClockStructInit                    0x08002c23   Thumb Code    12  stm32f10x_usart.o(.text)
    USART_Cmd                                0x08002c2f   Thumb Code    24  stm32f10x_usart.o(.text)
    USART_ITConfig                           0x08002c47   Thumb Code    74  stm32f10x_usart.o(.text)
    USART_DMACmd                             0x08002c91   Thumb Code    18  stm32f10x_usart.o(.text)
    USART_SetAddress                         0x08002ca3   Thumb Code    18  stm32f10x_usart.o(.text)
    USART_WakeUpConfig                       0x08002cb5   Thumb Code    18  stm32f10x_usart.o(.text)
    USART_ReceiverWakeUpCmd                  0x08002cc7   Thumb Code    24  stm32f10x_usart.o(.text)
    USART_LINBreakDetectLengthConfig         0x08002cdf   Thumb Code    18  stm32f10x_usart.o(.text)
    USART_LINCmd                             0x08002cf1   Thumb Code    24  stm32f10x_usart.o(.text)
    USART_SendData                           0x08002d09   Thumb Code     8  stm32f10x_usart.o(.text)
    USART_ReceiveData                        0x08002d11   Thumb Code    10  stm32f10x_usart.o(.text)
    USART_SendBreak                          0x08002d1b   Thumb Code    10  stm32f10x_usart.o(.text)
    USART_SetGuardTime                       0x08002d25   Thumb Code    16  stm32f10x_usart.o(.text)
    USART_SetPrescaler                       0x08002d35   Thumb Code    16  stm32f10x_usart.o(.text)
    USART_SmartCardCmd                       0x08002d45   Thumb Code    24  stm32f10x_usart.o(.text)
    USART_SmartCardNACKCmd                   0x08002d5d   Thumb Code    24  stm32f10x_usart.o(.text)
    USART_HalfDuplexCmd                      0x08002d75   Thumb Code    24  stm32f10x_usart.o(.text)
    USART_OverSampling8Cmd                   0x08002d8d   Thumb Code    22  stm32f10x_usart.o(.text)
    USART_OneBitMethodCmd                    0x08002da3   Thumb Code    24  stm32f10x_usart.o(.text)
    USART_IrDAConfig                         0x08002dbb   Thumb Code    18  stm32f10x_usart.o(.text)
    USART_IrDACmd                            0x08002dcd   Thumb Code    24  stm32f10x_usart.o(.text)
    USART_GetFlagStatus                      0x08002de5   Thumb Code    26  stm32f10x_usart.o(.text)
    USART_ClearFlag                          0x08002dff   Thumb Code    18  stm32f10x_usart.o(.text)
    USART_GetITStatus                        0x08002e11   Thumb Code    84  stm32f10x_usart.o(.text)
    USART_ClearITPendingBit                  0x08002e65   Thumb Code    52  stm32f10x_usart.o(.text)
    TIM_DeInit                               0x08002e99   Thumb Code   424  stm32f10x_tim.o(.text)
    TIM_TimeBaseInit                         0x08003041   Thumb Code   122  stm32f10x_tim.o(.text)
    TIM_OC1Init                              0x080030bb   Thumb Code   132  stm32f10x_tim.o(.text)
    TIM_OC2Init                              0x0800313f   Thumb Code   154  stm32f10x_tim.o(.text)
    TIM_OC3Init                              0x080031d9   Thumb Code   150  stm32f10x_tim.o(.text)
    TIM_OC4Init                              0x0800326f   Thumb Code   182  stm32f10x_tim.o(.text)
    TIM_SetIC4Prescaler                      0x08003325   Thumb Code    26  stm32f10x_tim.o(.text)
    TIM_SetIC3Prescaler                      0x080033c1   Thumb Code    18  stm32f10x_tim.o(.text)
    TIM_SetIC2Prescaler                      0x0800344d   Thumb Code    26  stm32f10x_tim.o(.text)
    TIM_SetIC1Prescaler                      0x080034e9   Thumb Code    18  stm32f10x_tim.o(.text)
    TIM_ICInit                               0x08003567   Thumb Code   150  stm32f10x_tim.o(.text)
    TIM_PWMIConfig                           0x080035fd   Thumb Code   124  stm32f10x_tim.o(.text)
    TIM_BDTRConfig                           0x08003679   Thumb Code    32  stm32f10x_tim.o(.text)
    TIM_TimeBaseStructInit                   0x08003699   Thumb Code    18  stm32f10x_tim.o(.text)
    TIM_OCStructInit                         0x080036ab   Thumb Code    20  stm32f10x_tim.o(.text)
    TIM_ICStructInit                         0x080036bf   Thumb Code    18  stm32f10x_tim.o(.text)
    TIM_BDTRStructInit                       0x080036d1   Thumb Code    40  stm32f10x_tim.o(.text)
    TIM_Cmd                                  0x080036f9   Thumb Code    24  stm32f10x_tim.o(.text)
    TIM_CtrlPWMOutputs                       0x08003711   Thumb Code    30  stm32f10x_tim.o(.text)
    TIM_ITConfig                             0x0800372f   Thumb Code    18  stm32f10x_tim.o(.text)
    TIM_GenerateEvent                        0x08003741   Thumb Code     4  stm32f10x_tim.o(.text)
    TIM_DMAConfig                            0x08003745   Thumb Code    10  stm32f10x_tim.o(.text)
    TIM_DMACmd                               0x0800374f   Thumb Code    18  stm32f10x_tim.o(.text)
    TIM_InternalClockConfig                  0x08003761   Thumb Code    12  stm32f10x_tim.o(.text)
    TIM_SelectInputTrigger                   0x0800376d   Thumb Code    18  stm32f10x_tim.o(.text)
    TIM_ITRxExternalClockConfig              0x0800377f   Thumb Code    24  stm32f10x_tim.o(.text)
    TIM_TIxExternalClockConfig               0x08003797   Thumb Code    62  stm32f10x_tim.o(.text)
    TIM_ETRConfig                            0x080037d5   Thumb Code    28  stm32f10x_tim.o(.text)
    TIM_ETRClockMode1Config                  0x080037f1   Thumb Code    54  stm32f10x_tim.o(.text)
    TIM_ETRClockMode2Config                  0x08003827   Thumb Code    32  stm32f10x_tim.o(.text)
    TIM_PrescalerConfig                      0x08003847   Thumb Code     6  stm32f10x_tim.o(.text)
    TIM_CounterModeConfig                    0x0800384d   Thumb Code    18  stm32f10x_tim.o(.text)
    TIM_EncoderInterfaceConfig               0x0800385f   Thumb Code    66  stm32f10x_tim.o(.text)
    TIM_ForcedOC1Config                      0x080038a1   Thumb Code    18  stm32f10x_tim.o(.text)
    TIM_ForcedOC2Config                      0x080038b3   Thumb Code    26  stm32f10x_tim.o(.text)
    TIM_ForcedOC3Config                      0x080038cd   Thumb Code    18  stm32f10x_tim.o(.text)
    TIM_ForcedOC4Config                      0x080038df   Thumb Code    26  stm32f10x_tim.o(.text)
    TIM_ARRPreloadConfig                     0x080038f9   Thumb Code    24  stm32f10x_tim.o(.text)
    TIM_SelectCOM                            0x08003911   Thumb Code    24  stm32f10x_tim.o(.text)
    TIM_SelectCCDMA                          0x08003929   Thumb Code    24  stm32f10x_tim.o(.text)
    TIM_CCPreloadControl                     0x08003941   Thumb Code    24  stm32f10x_tim.o(.text)
    TIM_OC1PreloadConfig                     0x08003959   Thumb Code    18  stm32f10x_tim.o(.text)
    TIM_OC2PreloadConfig                     0x0800396b   Thumb Code    26  stm32f10x_tim.o(.text)
    TIM_OC3PreloadConfig                     0x08003985   Thumb Code    18  stm32f10x_tim.o(.text)
    TIM_OC4PreloadConfig                     0x08003997   Thumb Code    26  stm32f10x_tim.o(.text)
    TIM_OC1FastConfig                        0x080039b1   Thumb Code    18  stm32f10x_tim.o(.text)
    TIM_OC2FastConfig                        0x080039c3   Thumb Code    26  stm32f10x_tim.o(.text)
    TIM_OC3FastConfig                        0x080039dd   Thumb Code    18  stm32f10x_tim.o(.text)
    TIM_OC4FastConfig                        0x080039ef   Thumb Code    26  stm32f10x_tim.o(.text)
    TIM_ClearOC1Ref                          0x08003a09   Thumb Code    18  stm32f10x_tim.o(.text)
    TIM_ClearOC2Ref                          0x08003a1b   Thumb Code    24  stm32f10x_tim.o(.text)
    TIM_ClearOC3Ref                          0x08003a33   Thumb Code    18  stm32f10x_tim.o(.text)
    TIM_ClearOC4Ref                          0x08003a45   Thumb Code    24  stm32f10x_tim.o(.text)
    TIM_OC1PolarityConfig                    0x08003a5d   Thumb Code    18  stm32f10x_tim.o(.text)
    TIM_OC1NPolarityConfig                   0x08003a6f   Thumb Code    18  stm32f10x_tim.o(.text)
    TIM_OC2PolarityConfig                    0x08003a81   Thumb Code    26  stm32f10x_tim.o(.text)
    TIM_OC2NPolarityConfig                   0x08003a9b   Thumb Code    26  stm32f10x_tim.o(.text)
    TIM_OC3PolarityConfig                    0x08003ab5   Thumb Code    26  stm32f10x_tim.o(.text)
    TIM_OC3NPolarityConfig                   0x08003acf   Thumb Code    26  stm32f10x_tim.o(.text)
    TIM_OC4PolarityConfig                    0x08003ae9   Thumb Code    26  stm32f10x_tim.o(.text)
    TIM_CCxCmd                               0x08003b03   Thumb Code    30  stm32f10x_tim.o(.text)
    TIM_CCxNCmd                              0x08003b21   Thumb Code    30  stm32f10x_tim.o(.text)
    TIM_SelectOCxM                           0x08003b3f   Thumb Code    82  stm32f10x_tim.o(.text)
    TIM_UpdateDisableConfig                  0x08003b91   Thumb Code    24  stm32f10x_tim.o(.text)
    TIM_UpdateRequestConfig                  0x08003ba9   Thumb Code    24  stm32f10x_tim.o(.text)
    TIM_SelectHallSensor                     0x08003bc1   Thumb Code    24  stm32f10x_tim.o(.text)
    TIM_SelectOnePulseMode                   0x08003bd9   Thumb Code    18  stm32f10x_tim.o(.text)
    TIM_SelectOutputTrigger                  0x08003beb   Thumb Code    18  stm32f10x_tim.o(.text)
    TIM_SelectSlaveMode                      0x08003bfd   Thumb Code    18  stm32f10x_tim.o(.text)
    TIM_SelectMasterSlaveMode                0x08003c0f   Thumb Code    18  stm32f10x_tim.o(.text)
    TIM_SetCounter                           0x08003c21   Thumb Code     4  stm32f10x_tim.o(.text)
    TIM_SetAutoreload                        0x08003c25   Thumb Code     4  stm32f10x_tim.o(.text)
    TIM_SetCompare1                          0x08003c29   Thumb Code     4  stm32f10x_tim.o(.text)
    TIM_SetCompare2                          0x08003c2d   Thumb Code     4  stm32f10x_tim.o(.text)
    TIM_SetCompare3                          0x08003c31   Thumb Code     4  stm32f10x_tim.o(.text)
    TIM_SetCompare4                          0x08003c35   Thumb Code     6  stm32f10x_tim.o(.text)
    TIM_SetClockDivision                     0x08003c3b   Thumb Code    18  stm32f10x_tim.o(.text)
    TIM_GetCapture1                          0x08003c4d   Thumb Code     6  stm32f10x_tim.o(.text)
    TIM_GetCapture2                          0x08003c53   Thumb Code     6  stm32f10x_tim.o(.text)
    TIM_GetCapture3                          0x08003c59   Thumb Code     6  stm32f10x_tim.o(.text)
    TIM_GetCapture4                          0x08003c5f   Thumb Code     8  stm32f10x_tim.o(.text)
    TIM_GetCounter                           0x08003c67   Thumb Code     6  stm32f10x_tim.o(.text)
    TIM_GetPrescaler                         0x08003c6d   Thumb Code     6  stm32f10x_tim.o(.text)
    TIM_GetFlagStatus                        0x08003c73   Thumb Code    18  stm32f10x_tim.o(.text)
    TIM_ClearFlag                            0x08003c85   Thumb Code     6  stm32f10x_tim.o(.text)
    TIM_GetITStatus                          0x08003c8b   Thumb Code    34  stm32f10x_tim.o(.text)
    TIM_ClearITPendingBit                    0x08003cad   Thumb Code     6  stm32f10x_tim.o(.text)
    ADC_DeInit                               0x08003cb5   Thumb Code    78  stm32f10x_adc.o(.text)
    ADC_Init                                 0x08003d03   Thumb Code    70  stm32f10x_adc.o(.text)
    ADC_StructInit                           0x08003d49   Thumb Code    18  stm32f10x_adc.o(.text)
    ADC_Cmd                                  0x08003d5b   Thumb Code    22  stm32f10x_adc.o(.text)
    ADC_DMACmd                               0x08003d71   Thumb Code    22  stm32f10x_adc.o(.text)
    ADC_ITConfig                             0x08003d87   Thumb Code    24  stm32f10x_adc.o(.text)
    ADC_ResetCalibration                     0x08003d9f   Thumb Code    10  stm32f10x_adc.o(.text)
    ADC_GetResetCalibrationStatus            0x08003da9   Thumb Code    20  stm32f10x_adc.o(.text)
    ADC_StartCalibration                     0x08003dbd   Thumb Code    10  stm32f10x_adc.o(.text)
    ADC_GetCalibrationStatus                 0x08003dc7   Thumb Code    20  stm32f10x_adc.o(.text)
    ADC_SoftwareStartConvCmd                 0x08003ddb   Thumb Code    22  stm32f10x_adc.o(.text)
    ADC_GetSoftwareStartConvStatus           0x08003df1   Thumb Code    20  stm32f10x_adc.o(.text)
    ADC_DiscModeChannelCountConfig           0x08003e05   Thumb Code    24  stm32f10x_adc.o(.text)
    ADC_DiscModeCmd                          0x08003e1d   Thumb Code    22  stm32f10x_adc.o(.text)
    ADC_RegularChannelConfig                 0x08003e33   Thumb Code   184  stm32f10x_adc.o(.text)
    ADC_ExternalTrigConvCmd                  0x08003eeb   Thumb Code    22  stm32f10x_adc.o(.text)
    ADC_GetConversionValue                   0x08003f01   Thumb Code     8  stm32f10x_adc.o(.text)
    ADC_GetDualModeConversionValue           0x08003f09   Thumb Code     8  stm32f10x_adc.o(.text)
    ADC_AutoInjectedConvCmd                  0x08003f11   Thumb Code    22  stm32f10x_adc.o(.text)
    ADC_InjectedDiscModeCmd                  0x08003f27   Thumb Code    22  stm32f10x_adc.o(.text)
    ADC_ExternalTrigInjectedConvConfig       0x08003f3d   Thumb Code    16  stm32f10x_adc.o(.text)
    ADC_ExternalTrigInjectedConvCmd          0x08003f4d   Thumb Code    22  stm32f10x_adc.o(.text)
    ADC_SoftwareStartInjectedConvCmd         0x08003f63   Thumb Code    22  stm32f10x_adc.o(.text)
    ADC_GetSoftwareStartInjectedConvCmdStatus 0x08003f79   Thumb Code    20  stm32f10x_adc.o(.text)
    ADC_InjectedChannelConfig                0x08003f8d   Thumb Code   130  stm32f10x_adc.o(.text)
    ADC_InjectedSequencerLengthConfig        0x0800400f   Thumb Code    24  stm32f10x_adc.o(.text)
    ADC_SetInjectedOffset                    0x08004027   Thumb Code    20  stm32f10x_adc.o(.text)
    ADC_GetInjectedConversionValue           0x0800403b   Thumb Code    28  stm32f10x_adc.o(.text)
    ADC_AnalogWatchdogCmd                    0x08004057   Thumb Code    16  stm32f10x_adc.o(.text)
    ADC_AnalogWatchdogThresholdsConfig       0x08004067   Thumb Code     6  stm32f10x_adc.o(.text)
    ADC_AnalogWatchdogSingleChannelConfig    0x0800406d   Thumb Code    16  stm32f10x_adc.o(.text)
    ADC_TempSensorVrefintCmd                 0x0800407d   Thumb Code    64  stm32f10x_adc.o(.text)
    ADC_GetFlagStatus                        0x080040bd   Thumb Code    18  stm32f10x_adc.o(.text)
    ADC_ClearFlag                            0x080040cf   Thumb Code     6  stm32f10x_adc.o(.text)
    ADC_GetITStatus                          0x080040d5   Thumb Code    36  stm32f10x_adc.o(.text)
    ADC_ClearITPendingBit                    0x080040f9   Thumb Code    10  stm32f10x_adc.o(.text)
    DMA_DeInit                               0x08004105   Thumb Code   324  stm32f10x_dma.o(.text)
    DMA_Init                                 0x08004249   Thumb Code    60  stm32f10x_dma.o(.text)
    DMA_StructInit                           0x08004285   Thumb Code    26  stm32f10x_dma.o(.text)
    DMA_Cmd                                  0x0800429f   Thumb Code    24  stm32f10x_dma.o(.text)
    DMA_ITConfig                             0x080042b7   Thumb Code    18  stm32f10x_dma.o(.text)
    DMA_SetCurrDataCounter                   0x080042c9   Thumb Code     4  stm32f10x_dma.o(.text)
    DMA_GetCurrDataCounter                   0x080042cd   Thumb Code     8  stm32f10x_dma.o(.text)
    DMA_GetFlagStatus                        0x080042d5   Thumb Code    40  stm32f10x_dma.o(.text)
    DMA_ClearFlag                            0x080042fd   Thumb Code    22  stm32f10x_dma.o(.text)
    DMA_GetITStatus                          0x08004313   Thumb Code    40  stm32f10x_dma.o(.text)
    DMA_ClearITPendingBit                    0x0800433b   Thumb Code    22  stm32f10x_dma.o(.text)
    FLASH_SetLatency                         0x08004359   Thumb Code    18  stm32f10x_flash.o(.text)
    FLASH_HalfCycleAccessCmd                 0x0800436b   Thumb Code    22  stm32f10x_flash.o(.text)
    FLASH_PrefetchBufferCmd                  0x08004381   Thumb Code    22  stm32f10x_flash.o(.text)
    FLASH_Unlock                             0x08004397   Thumb Code    12  stm32f10x_flash.o(.text)
    FLASH_UnlockBank1                        0x080043a3   Thumb Code    12  stm32f10x_flash.o(.text)
    FLASH_Lock                               0x080043af   Thumb Code    14  stm32f10x_flash.o(.text)
    FLASH_LockBank1                          0x080043bd   Thumb Code    14  stm32f10x_flash.o(.text)
    FLASH_GetBank1Status                     0x080043cb   Thumb Code    48  stm32f10x_flash.o(.text)
    FLASH_WaitForLastOperation               0x080043fb   Thumb Code    38  stm32f10x_flash.o(.text)
    FLASH_ErasePage                          0x08004421   Thumb Code    72  stm32f10x_flash.o(.text)
    FLASH_EraseAllPages                      0x08004469   Thumb Code    68  stm32f10x_flash.o(.text)
    FLASH_WaitForLastBank1Operation          0x080044ad   Thumb Code    38  stm32f10x_flash.o(.text)
    FLASH_EraseAllBank1Pages                 0x080044d3   Thumb Code    68  stm32f10x_flash.o(.text)
    FLASH_GetReadOutProtectionStatus         0x08004517   Thumb Code    20  stm32f10x_flash.o(.text)
    FLASH_EraseOptionBytes                   0x0800452b   Thumb Code   150  stm32f10x_flash.o(.text)
    FLASH_ProgramWord                        0x080045c1   Thumb Code   102  stm32f10x_flash.o(.text)
    FLASH_ProgramHalfWord                    0x08004627   Thumb Code    60  stm32f10x_flash.o(.text)
    FLASH_ProgramOptionByteData              0x08004663   Thumb Code    72  stm32f10x_flash.o(.text)
    FLASH_EnableWriteProtection              0x080046ab   Thumb Code   200  stm32f10x_flash.o(.text)
    FLASH_ReadOutProtection                  0x08004773   Thumb Code   156  stm32f10x_flash.o(.text)
    FLASH_UserOptionByteConfig               0x0800480f   Thumb Code    88  stm32f10x_flash.o(.text)
    FLASH_GetUserOptionByte                  0x08004867   Thumb Code     8  stm32f10x_flash.o(.text)
    FLASH_GetWriteProtectionOptionByte       0x0800486f   Thumb Code     6  stm32f10x_flash.o(.text)
    FLASH_GetPrefetchBufferStatus            0x08004875   Thumb Code    20  stm32f10x_flash.o(.text)
    FLASH_ITConfig                           0x08004889   Thumb Code    26  stm32f10x_flash.o(.text)
    FLASH_GetFlagStatus                      0x080048a3   Thumb Code    42  stm32f10x_flash.o(.text)
    FLASH_ClearFlag                          0x080048cd   Thumb Code     6  stm32f10x_flash.o(.text)
    FLASH_GetStatus                          0x080048d3   Thumb Code    48  stm32f10x_flash.o(.text)
    __use_no_semihosting                     0x08004915   Thumb Code     2  use_no_semi_2.o(.text)
    __2sprintf                               0x08004919   Thumb Code    34  noretval__2sprintf.o(.text)
    _printf_int_dec                          0x08004941   Thumb Code   104  _printf_dec.o(.text)
    __printf                                 0x080049b9   Thumb Code   270  __printf_wp.o(.text)
    strstr                                   0x08004ac7   Thumb Code    36  strstr.o(.text)
    strlen                                   0x08004aeb   Thumb Code    62  strlen.o(.text)
    strcat                                   0x08004b29   Thumb Code    24  strcat.o(.text)
    __aeabi_memcpy4                          0x08004b41   Thumb Code     0  rt_memcpy_w.o(.text)
    __aeabi_memcpy8                          0x08004b41   Thumb Code     0  rt_memcpy_w.o(.text)
    __rt_memcpy_w                            0x08004b41   Thumb Code   100  rt_memcpy_w.o(.text)
    _memcpy_lastbytes_aligned                0x08004b89   Thumb Code     0  rt_memcpy_w.o(.text)
    __aeabi_memclr                           0x08004ba5   Thumb Code     0  rt_memclr.o(.text)
    __rt_memclr                              0x08004ba5   Thumb Code    68  rt_memclr.o(.text)
    _memset                                  0x08004ba9   Thumb Code     0  rt_memclr.o(.text)
    __aeabi_memclr4                          0x08004be9   Thumb Code     0  rt_memclr_w.o(.text)
    __aeabi_memclr8                          0x08004be9   Thumb Code     0  rt_memclr_w.o(.text)
    __rt_memclr_w                            0x08004be9   Thumb Code    78  rt_memclr_w.o(.text)
    _memset_w                                0x08004bed   Thumb Code     0  rt_memclr_w.o(.text)
    __use_two_region_memory                  0x08004c37   Thumb Code     2  heapauxi.o(.text)
    __rt_heap_escrow$2region                 0x08004c39   Thumb Code     2  heapauxi.o(.text)
    __rt_heap_expand$2region                 0x08004c3b   Thumb Code     2  heapauxi.o(.text)
    __I$use$semihosting                      0x08004c3d   Thumb Code     0  use_no_semi.o(.text)
    __use_no_semihosting_swi                 0x08004c3d   Thumb Code     2  use_no_semi.o(.text)
    __read_errno                             0x08004c3f   Thumb Code    10  _rserrno.o(.text)
    __set_errno                              0x08004c49   Thumb Code    12  _rserrno.o(.text)
    _printf_int_common                       0x08004c55   Thumb Code   178  _printf_intcommon.o(.text)
    __lib_sel_fp_printf                      0x08004d07   Thumb Code     2  _printf_fp_dec.o(.text)
    _printf_fp_dec_real                      0x08004eb5   Thumb Code   620  _printf_fp_dec.o(.text)
    _printf_char_common                      0x0800512b   Thumb Code    32  _printf_char_common.o(.text)
    _sputc                                   0x08005151   Thumb Code    10  _sputc.o(.text)
    __rt_locale                              0x0800515d   Thumb Code     8  rt_locale_intlibspace.o(.text)
    __aeabi_errno_addr                       0x08005165   Thumb Code     8  rt_errno_addr_intlibspace.o(.text)
    __errno$intlibspace                      0x08005165   Thumb Code     0  rt_errno_addr_intlibspace.o(.text)
    __rt_errno_addr$intlibspace              0x08005165   Thumb Code     0  rt_errno_addr_intlibspace.o(.text)
    _ll_udiv10                               0x0800516d   Thumb Code   138  lludiv10.o(.text)
    _printf_fp_infnan                        0x080051f9   Thumb Code   112  _printf_fp_infnan.o(.text)
    _btod_etento                             0x08005279   Thumb Code   216  bigflt0.o(.text)
    __user_libspace                          0x08005355   Thumb Code     8  libspace.o(.text)
    __user_perproc_libspace                  0x08005355   Thumb Code     0  libspace.o(.text)
    __user_perthread_libspace                0x08005355   Thumb Code     0  libspace.o(.text)
    __user_setup_stackheap                   0x0800535d   Thumb Code    74  sys_stackheap_outer.o(.text)
    exit                                     0x080053a7   Thumb Code    18  exit.o(.text)
    strcmp                                   0x080053b9   Thumb Code   128  strcmpv7m.o(.text)
    _btod_d2e                                0x08005439   Thumb Code    62  btod.o(CL$$btod_d2e)
    _d2e_denorm_low                          0x08005477   Thumb Code    70  btod.o(CL$$btod_d2e_denorm_low)
    _d2e_norm_op1                            0x080054bd   Thumb Code    96  btod.o(CL$$btod_d2e_norm_op1)
    __btod_div_common                        0x0800551d   Thumb Code   696  btod.o(CL$$btod_div_common)
    _e2e                                     0x08005855   Thumb Code   198  btod.o(CL$$btod_e2e)
    _btod_ediv                               0x0800591b   Thumb Code    40  btod.o(CL$$btod_ediv)
    _btod_emul                               0x08005943   Thumb Code    40  btod.o(CL$$btod_emul)
    __btod_mult_common                       0x0800596b   Thumb Code   580  btod.o(CL$$btod_mult_common)
    __ARM_fpclassify                         0x08005baf   Thumb Code    40  fpclassify.o(i.__ARM_fpclassify)
    __ieee754_rem_pio2                       0x08005bd9   Thumb Code   828  rred.o(i.__ieee754_rem_pio2)
    __kernel_cos                             0x08005f61   Thumb Code   230  cos_i.o(i.__kernel_cos)
    __kernel_poly                            0x0800605d   Thumb Code   170  poly.o(i.__kernel_poly)
    __kernel_sin                             0x08006109   Thumb Code   224  sin_i.o(i.__kernel_sin)
    __mathlib_dbl_infnan                     0x080061f5   Thumb Code     6  dunder.o(i.__mathlib_dbl_infnan)
    __mathlib_dbl_invalid                    0x080061fb   Thumb Code    12  dunder.o(i.__mathlib_dbl_invalid)
    __mathlib_dbl_underflow                  0x08006209   Thumb Code    10  dunder.o(i.__mathlib_dbl_underflow)
    _is_digit                                0x08006219   Thumb Code    14  __printf_wp.o(i._is_digit)
    cos                                      0x08006229   Thumb Code   148  cos.o(i.cos)
    sin                                      0x080062c5   Thumb Code   150  sin.o(i.sin)
    sqrt                                     0x08006365   Thumb Code    76  sqrt.o(i.sqrt)
    _get_lc_numeric                          0x080063b1   Thumb Code    44  lc_numeric_c.o(locale$$code)
    __aeabi_d2f                              0x080063dd   Thumb Code     0  d2f.o(x$fpl$d2f)
    _d2f                                     0x080063dd   Thumb Code    98  d2f.o(x$fpl$d2f)
    __aeabi_dadd                             0x08006441   Thumb Code     0  daddsub_clz.o(x$fpl$dadd)
    _dadd                                    0x08006441   Thumb Code   332  daddsub_clz.o(x$fpl$dadd)
    __fpl_dcheck_NaN1                        0x08006591   Thumb Code    10  dcheck1.o(x$fpl$dcheck1)
    __fpl_dcmp_Inf                           0x080065a1   Thumb Code    24  dcmpi.o(x$fpl$dcmpinf)
    __aeabi_ddiv                             0x080065b9   Thumb Code     0  ddiv.o(x$fpl$ddiv)
    _ddiv                                    0x080065b9   Thumb Code   552  ddiv.o(x$fpl$ddiv)
    __aeabi_d2iz                             0x08006869   Thumb Code     0  dfix.o(x$fpl$dfix)
    _dfix                                    0x08006869   Thumb Code    94  dfix.o(x$fpl$dfix)
    __aeabi_d2uiz                            0x080068c9   Thumb Code     0  dfixu.o(x$fpl$dfixu)
    _dfixu                                   0x080068c9   Thumb Code    90  dfixu.o(x$fpl$dfixu)
    __aeabi_i2d                              0x08006923   Thumb Code     0  dflt_clz.o(x$fpl$dflt)
    _dflt                                    0x08006923   Thumb Code    46  dflt_clz.o(x$fpl$dflt)
    __aeabi_ui2d                             0x08006951   Thumb Code     0  dflt_clz.o(x$fpl$dfltu)
    _dfltu                                   0x08006951   Thumb Code    38  dflt_clz.o(x$fpl$dfltu)
    __aeabi_cdcmple                          0x08006979   Thumb Code     0  dleqf.o(x$fpl$dleqf)
    _dcmple                                  0x08006979   Thumb Code   120  dleqf.o(x$fpl$dleqf)
    __fpl_dcmple_InfNaN                      0x080069db   Thumb Code     0  dleqf.o(x$fpl$dleqf)
    __aeabi_dmul                             0x080069f1   Thumb Code     0  dmul.o(x$fpl$dmul)
    _dmul                                    0x080069f1   Thumb Code   332  dmul.o(x$fpl$dmul)
    __fpl_dnaninf                            0x08006b45   Thumb Code   156  dnaninf.o(x$fpl$dnaninf)
    __fpl_dretinf                            0x08006be1   Thumb Code    12  dretinf.o(x$fpl$dretinf)
    __aeabi_cdrcmple                         0x08006bed   Thumb Code     0  drleqf.o(x$fpl$drleqf)
    _drcmple                                 0x08006bed   Thumb Code   108  drleqf.o(x$fpl$drleqf)
    __aeabi_drsub                            0x08006c59   Thumb Code     0  daddsub_clz.o(x$fpl$drsb)
    _drsb                                    0x08006c59   Thumb Code    22  daddsub_clz.o(x$fpl$drsb)
    _dsqrt                                   0x08006c71   Thumb Code   456  dsqrt_noumaal.o(x$fpl$dsqrt)
    __aeabi_dsub                             0x08006e3d   Thumb Code     0  daddsub_clz.o(x$fpl$dsub)
    _dsub                                    0x08006e3d   Thumb Code   464  daddsub_clz.o(x$fpl$dsub)
    __aeabi_f2d                              0x08007011   Thumb Code     0  f2d.o(x$fpl$f2d)
    _f2d                                     0x08007011   Thumb Code    86  f2d.o(x$fpl$f2d)
    __aeabi_fadd                             0x08007069   Thumb Code     0  faddsub_clz.o(x$fpl$fadd)
    _fadd                                    0x08007069   Thumb Code   196  faddsub_clz.o(x$fpl$fadd)
    __fpl_fcmp_Inf                           0x0800712d   Thumb Code    24  fcmpi.o(x$fpl$fcmpinf)
    __aeabi_fdiv                             0x08007145   Thumb Code     0  fdiv.o(x$fpl$fdiv)
    _fdiv                                    0x08007145   Thumb Code   384  fdiv.o(x$fpl$fdiv)
    __aeabi_cfcmpeq                          0x080072c9   Thumb Code     0  feqf.o(x$fpl$feqf)
    _fcmpeq                                  0x080072c9   Thumb Code   104  feqf.o(x$fpl$feqf)
    __aeabi_f2iz                             0x08007331   Thumb Code     0  ffix.o(x$fpl$ffix)
    _ffix                                    0x08007331   Thumb Code    54  ffix.o(x$fpl$ffix)
    __aeabi_f2uiz                            0x08007369   Thumb Code     0  ffixu.o(x$fpl$ffixu)
    _ffixu                                   0x08007369   Thumb Code    62  ffixu.o(x$fpl$ffixu)
    __aeabi_i2f                              0x080073a9   Thumb Code     0  fflt_clz.o(x$fpl$fflt)
    _fflt                                    0x080073a9   Thumb Code    48  fflt_clz.o(x$fpl$fflt)
    __aeabi_ui2f                             0x080073d9   Thumb Code     0  fflt_clz.o(x$fpl$ffltu)
    _ffltu                                   0x080073d9   Thumb Code    38  fflt_clz.o(x$fpl$ffltu)
    __aeabi_cfcmple                          0x08007401   Thumb Code     0  fleqf.o(x$fpl$fleqf)
    _fcmple                                  0x08007401   Thumb Code   104  fleqf.o(x$fpl$fleqf)
    __fpl_fcmple_InfNaN                      0x08007453   Thumb Code     0  fleqf.o(x$fpl$fleqf)
    __aeabi_fmul                             0x08007469   Thumb Code     0  fmul.o(x$fpl$fmul)
    _fmul                                    0x08007469   Thumb Code   258  fmul.o(x$fpl$fmul)
    __fpl_fnaninf                            0x0800756b   Thumb Code   140  fnaninf.o(x$fpl$fnaninf)
    __fpl_fretinf                            0x080075f7   Thumb Code    10  fretinf.o(x$fpl$fretinf)
    __aeabi_frsub                            0x08007601   Thumb Code     0  faddsub_clz.o(x$fpl$frsb)
    _frsb                                    0x08007601   Thumb Code    20  faddsub_clz.o(x$fpl$frsb)
    __aeabi_fsub                             0x08007615   Thumb Code     0  faddsub_clz.o(x$fpl$fsub)
    _fsub                                    0x08007615   Thumb Code   234  faddsub_clz.o(x$fpl$fsub)
    _printf_fp_dec                           0x080076ff   Thumb Code     4  printf1.o(x$fpl$printf1)
    __fpl_return_NaN                         0x08007703   Thumb Code   100  retnan.o(x$fpl$retnan)
    __ARM_scalbn                             0x08007767   Thumb Code    92  scalbn.o(x$fpl$scalbn)
    __fpl_cmpreturn                          0x080077c3   Thumb Code    48  trapv.o(x$fpl$trapveneer)
    F6x8                                     0x080077f2   Data         552  oled.o(.constdata)
    __I$use$fp                               0x080077f2   Number         0  usenofp.o(x$fpl$usenofp)
    F8X16                                    0x08007a1a   Data        1520  oled.o(.constdata)
    Region$$Table$$Base                      0x080081e0   Number         0  anon$$obj.o(Region$$Table)
    Region$$Table$$Limit                     0x08008200   Number         0  anon$$obj.o(Region$$Table)
    rrr                                      0x20000000   Data           2  main.o(.data)
    percent_w                                0x20000002   Data           2  main.o(.data)
    percent_r                                0x20000004   Data           2  main.o(.data)
    rrrr                                     0x20000006   Data           2  main.o(.data)
    a                                        0x20000008   Data           4  main.o(.data)
    ADC_I                                    0x2000000c   Data           4  main.o(.data)
    duty                                     0x20000010   Data           4  main.o(.data)
    ADC_I0                                   0x20000014   Data           2  main.o(.data)
    ADC_I1                                   0x20000018   Data           4  main.o(.data)
    ADC_FACTI                                0x2000001c   Data           4  main.o(.data)
    rr                                       0x20000020   Data           4  main.o(.data)
    sin_p                                    0x20000024   Data           4  main.o(.data)
    Hz                                       0x20000028   Data           4  main.o(.data)
    kk1                                      0x2000002c   Data           2  main.o(.data)
    pkp1                                     0x2000002e   Data           2  main.o(.data)
    pkp2                                     0x20000030   Data           2  main.o(.data)
    kk2                                      0x20000032   Data           2  main.o(.data)
    I_set                                    0x20000034   Data           4  main.o(.data)
    SystemCoreClock                          0x20000038   Data           4  system_stm32f10x.o(.data)
    AHBPrescTable                            0x2000003c   Data          16  system_stm32f10x.o(.data)
    sin_max                                  0x2000004c   Data           4  spwm.o(.data)
    sin_i0                                   0x20000050   Data           2  spwm.o(.data)
    sin_hhigh                                0x20000052   Data           2  spwm.o(.data)
    sin_i1                                   0x20000054   Data           2  spwm.o(.data)
    sin_high                                 0x20000056   Data           2  spwm.o(.data)
    sin_i2                                   0x20000058   Data           2  spwm.o(.data)
    sin_low                                  0x2000005a   Data           2  spwm.o(.data)
    adc_flag                                 0x2000005c   Data           1  feedback.o(.data)
    adc_size                                 0x2000005e   Data           2  feedback.o(.data)
    DMA1_MEM_LEN                             0x20000060   Data           2  dma.o(.data)
    KeyNum                                   0x20000064   Data           1  menu.o(.data)
    cour                                     0x20000068   Data          12  menu.o(.data)
    course                                   0x20000074   Data           4  menu.o(.data)
    nowPage                                  0x20000078   Data           4  menu.o(.data)
    sequence                                 0x2000007c   Data           4  menu.o(.data)
    target_v                                 0x20000080   Data           4  menu.o(.data)
    kkint1                                   0x20000084   Data           4  menu.o(.data)
    kkint2                                   0x20000088   Data           4  menu.o(.data)
    kk                                       0x2000008c   Data           2  menu.o(.data)
    pkp                                      0x20000090   Data           4  menu.o(.data)
    firstPage                                0x20000094   Data          12  menu.o(.data)
    Servo_1                                  0x200000a0   Data          12  menu.o(.data)
    Servo_2                                  0x200000ac   Data          12  menu.o(.data)
    Servo_3                                  0x200000b8   Data          12  menu.o(.data)
    Hzk                                      0x200000c4   Data         448  oled.o(.data)
    __stdout                                 0x20000288   Data           4  usart.o(.data)
    USART_RX_STA                             0x2000028c   Data           2  usart.o(.data)
    DMA_ADC                                  0x200002a4   Data          48  main.o(.bss)
    ADC_1                                    0x200002d4   Data         512  main.o(.bss)
    ADC_2                                    0x200004d4   Data         512  main.o(.bss)
    ADC_3                                    0x200006d4   Data         512  main.o(.bss)
    validity_i1                              0x200008d4   Data        1024  main.o(.bss)
    validity_i2                              0x20000cd4   Data        1024  main.o(.bss)
    DMA_InitStructure                        0x200010d4   Data          44  dma.o(.bss)
    STMFLASH_BUF                             0x20001100   Data        2048  stmflash.o(.bss)
    KeyQueue                                 0x20001900   Data          48  menu.o(.bss)
    DataStack                                0x20001930   Data         124  menu.o(.bss)
    Servo_4                                  0x200019ac   Data          12  menu.o(.bss)
    Servo_5                                  0x200019b8   Data          12  menu.o(.bss)
    Sequence                                 0x200019c4   Data          12  menu.o(.bss)
    Width1                                   0x200019d0   Data          12  menu.o(.bss)
    Servo_51                                 0x200019dc   Data          12  menu.o(.bss)
    Sequence1                                0x200019e8   Data          12  menu.o(.bss)
    Width                                    0x200019f4   Data          12  menu.o(.bss)
    Servo_513                                0x20001a00   Data          12  menu.o(.bss)
    Sequence13                               0x20001a0c   Data          12  menu.o(.bss)
    Width3                                   0x20001a18   Data          12  menu.o(.bss)
    Sequence133                              0x20001a24   Data          12  menu.o(.bss)
    Width2                                   0x20001a30   Data          12  menu.o(.bss)
    OLED_GRAM                                0x20001a3c   Data        1024  oled.o(.bss)
    USART_RX_BUF                             0x20001e3c   Data         200  usart.o(.bss)
    __libspace_start                         0x20001f04   Data          96  libspace.o(.bss)
    __temporary_stack_top$libspace           0x20001f64   Data           0  libspace.o(.bss)



==============================================================================

Memory Map of the image

  Image Entry point : 0x08000131

  Load Region LR_IROM1 (Base: 0x08000000, Size: 0x000084c0, Max: 0x00080000, ABSOLUTE, COMPRESSED[0x00008338])

    Execution Region ER_IROM1 (Base: 0x08000000, Size: 0x0000821c, Max: 0x00080000, ABSOLUTE)

    Base Addr    Size         Type   Attr      Idx    E Section Name        Object

    0x08000000   0x00000130   Data   RO          463    RESET               startup_stm32f10x_hd.o
    0x08000130   0x00000008   Code   RO          618  * !!!main             c_w.l(__main.o)
    0x08000138   0x00000034   Code   RO          979    !!!scatter          c_w.l(__scatter.o)
    0x0800016c   0x0000005a   Code   RO          977    !!dczerorl2         c_w.l(__dczerorl2.o)
    0x080001c6   0x00000002   PAD
    0x080001c8   0x0000001c   Code   RO          981    !!handler_zi        c_w.l(__scatter_zi.o)
    0x080001e4   0x00000000   Code   RO          603    .ARM.Collect$$_printf_percent$$00000000  c_w.l(_printf_percent.o)
    0x080001e4   0x00000006   Code   RO          602    .ARM.Collect$$_printf_percent$$00000003  c_w.l(_printf_f.o)
    0x080001ea   0x00000006   Code   RO          601    .ARM.Collect$$_printf_percent$$00000009  c_w.l(_printf_d.o)
    0x080001f0   0x00000004   Code   RO          723    .ARM.Collect$$_printf_percent$$00000017  c_w.l(_printf_percent_end.o)
    0x080001f4   0x00000002   Code   RO          848    .ARM.Collect$$libinit$$00000000  c_w.l(libinit.o)
    0x080001f6   0x00000000   Code   RO          850    .ARM.Collect$$libinit$$00000002  c_w.l(libinit2.o)
    0x080001f6   0x00000000   Code   RO          852    .ARM.Collect$$libinit$$00000004  c_w.l(libinit2.o)
    0x080001f6   0x00000000   Code   RO          855    .ARM.Collect$$libinit$$0000000A  c_w.l(libinit2.o)
    0x080001f6   0x00000000   Code   RO          857    .ARM.Collect$$libinit$$0000000C  c_w.l(libinit2.o)
    0x080001f6   0x00000000   Code   RO          859    .ARM.Collect$$libinit$$0000000E  c_w.l(libinit2.o)
    0x080001f6   0x00000006   Code   RO          860    .ARM.Collect$$libinit$$0000000F  c_w.l(libinit2.o)
    0x080001fc   0x00000000   Code   RO          862    .ARM.Collect$$libinit$$00000011  c_w.l(libinit2.o)
    0x080001fc   0x00000000   Code   RO          864    .ARM.Collect$$libinit$$00000013  c_w.l(libinit2.o)
    0x080001fc   0x00000000   Code   RO          866    .ARM.Collect$$libinit$$00000015  c_w.l(libinit2.o)
    0x080001fc   0x0000000a   Code   RO          867    .ARM.Collect$$libinit$$00000016  c_w.l(libinit2.o)
    0x08000206   0x00000000   Code   RO          868    .ARM.Collect$$libinit$$00000017  c_w.l(libinit2.o)
    0x08000206   0x00000000   Code   RO          870    .ARM.Collect$$libinit$$00000019  c_w.l(libinit2.o)
    0x08000206   0x00000000   Code   RO          872    .ARM.Collect$$libinit$$0000001B  c_w.l(libinit2.o)
    0x08000206   0x00000000   Code   RO          874    .ARM.Collect$$libinit$$0000001D  c_w.l(libinit2.o)
    0x08000206   0x00000000   Code   RO          876    .ARM.Collect$$libinit$$0000001F  c_w.l(libinit2.o)
    0x08000206   0x00000000   Code   RO          878    .ARM.Collect$$libinit$$00000021  c_w.l(libinit2.o)
    0x08000206   0x00000000   Code   RO          880    .ARM.Collect$$libinit$$00000023  c_w.l(libinit2.o)
    0x08000206   0x00000000   Code   RO          882    .ARM.Collect$$libinit$$00000025  c_w.l(libinit2.o)
    0x08000206   0x00000000   Code   RO          886    .ARM.Collect$$libinit$$0000002C  c_w.l(libinit2.o)
    0x08000206   0x00000000   Code   RO          888    .ARM.Collect$$libinit$$0000002E  c_w.l(libinit2.o)
    0x08000206   0x00000000   Code   RO          890    .ARM.Collect$$libinit$$00000030  c_w.l(libinit2.o)
    0x08000206   0x00000000   Code   RO          892    .ARM.Collect$$libinit$$00000032  c_w.l(libinit2.o)
    0x08000206   0x00000002   Code   RO          893    .ARM.Collect$$libinit$$00000033  c_w.l(libinit2.o)
    0x08000208   0x00000002   Code   RO          927    .ARM.Collect$$libshutdown$$00000000  c_w.l(libshutdown.o)
    0x0800020a   0x00000000   Code   RO          936    .ARM.Collect$$libshutdown$$00000002  c_w.l(libshutdown2.o)
    0x0800020a   0x00000000   Code   RO          938    .ARM.Collect$$libshutdown$$00000004  c_w.l(libshutdown2.o)
    0x0800020a   0x00000000   Code   RO          941    .ARM.Collect$$libshutdown$$00000007  c_w.l(libshutdown2.o)
    0x0800020a   0x00000000   Code   RO          944    .ARM.Collect$$libshutdown$$0000000A  c_w.l(libshutdown2.o)
    0x0800020a   0x00000000   Code   RO          946    .ARM.Collect$$libshutdown$$0000000C  c_w.l(libshutdown2.o)
    0x0800020a   0x00000000   Code   RO          949    .ARM.Collect$$libshutdown$$0000000F  c_w.l(libshutdown2.o)
    0x0800020a   0x00000002   Code   RO          950    .ARM.Collect$$libshutdown$$00000010  c_w.l(libshutdown2.o)
    0x0800020c   0x00000000   Code   RO          712    .ARM.Collect$$rtentry$$00000000  c_w.l(__rtentry.o)
    0x0800020c   0x00000000   Code   RO          768    .ARM.Collect$$rtentry$$00000002  c_w.l(__rtentry2.o)
    0x0800020c   0x00000006   Code   RO          780    .ARM.Collect$$rtentry$$00000004  c_w.l(__rtentry4.o)
    0x08000212   0x00000000   Code   RO          770    .ARM.Collect$$rtentry$$00000009  c_w.l(__rtentry2.o)
    0x08000212   0x00000004   Code   RO          771    .ARM.Collect$$rtentry$$0000000A  c_w.l(__rtentry2.o)
    0x08000216   0x00000000   Code   RO          773    .ARM.Collect$$rtentry$$0000000C  c_w.l(__rtentry2.o)
    0x08000216   0x00000008   Code   RO          774    .ARM.Collect$$rtentry$$0000000D  c_w.l(__rtentry2.o)
    0x0800021e   0x00000002   Code   RO          896    .ARM.Collect$$rtexit$$00000000  c_w.l(rtexit.o)
    0x08000220   0x00000000   Code   RO          905    .ARM.Collect$$rtexit$$00000002  c_w.l(rtexit2.o)
    0x08000220   0x00000004   Code   RO          906    .ARM.Collect$$rtexit$$00000003  c_w.l(rtexit2.o)
    0x08000224   0x00000006   Code   RO          907    .ARM.Collect$$rtexit$$00000004  c_w.l(rtexit2.o)
    0x0800022a   0x00000002   PAD
    0x0800022c   0x000000e4   Code   RO            1    .text               main.o
    0x08000310   0x0000001a   Code   RO          123    .text               stm32f10x_it.o
    0x0800032a   0x00000002   PAD
    0x0800032c   0x000001e0   Code   RO          138    .text               system_stm32f10x.o
    0x0800050c   0x000001c0   Code   RO          156    .text               timer.o
    0x080006cc   0x0000002c   Code   RO          195    .text               spwm.o
    0x080006f8   0x00000294   Code   RO          214    .text               feedback.o
    0x0800098c   0x00000138   Code   RO          233    .text               adc.o
    0x08000ac4   0x00000068   Code   RO          245    .text               dma.o
    0x08000b2c   0x00000144   Code   RO          276    .text               stmflash.o
    0x08000c70   0x000000aa   Code   RO          299    .text               stack.o
    0x08000d1a   0x00000002   PAD
    0x08000d1c   0x00000b8c   Code   RO          321    .text               menu.o
    0x080018a8   0x000005e0   Code   RO          350    .text               oled.o
    0x08001e88   0x000000ac   Code   RO          377    .text               queue.o
    0x08001f34   0x00000120   Code   RO          389    .text               key.o
    0x08002054   0x000000d4   Code   RO          401    .text               delay.o
    0x08002128   0x0000000c   Code   RO          415    .text               sys.o
    0x08002134   0x00000140   Code   RO          427    .text               usart.o
    0x08002274   0x00000040   Code   RO          464    .text               startup_stm32f10x_hd.o
    0x080022b4   0x000000dc   Code   RO          468    .text               misc.o
    0x08002390   0x0000035c   Code   RO          480    .text               stm32f10x_gpio.o
    0x080026ec   0x000003a4   Code   RO          492    .text               stm32f10x_rcc.o
    0x08002a90   0x00000408   Code   RO          506    .text               stm32f10x_usart.o
    0x08002e98   0x00000e1a   Code   RO          518    .text               stm32f10x_tim.o
    0x08003cb2   0x00000002   PAD
    0x08003cb4   0x0000044e   Code   RO          530    .text               stm32f10x_adc.o
    0x08004102   0x00000002   PAD
    0x08004104   0x00000254   Code   RO          542    .text               stm32f10x_dma.o
    0x08004358   0x000005bc   Code   RO          554    .text               stm32f10x_flash.o
    0x08004914   0x00000002   Code   RO          571    .text               c_w.l(use_no_semi_2.o)
    0x08004916   0x00000002   PAD
    0x08004918   0x00000028   Code   RO          575    .text               c_w.l(noretval__2sprintf.o)
    0x08004940   0x00000078   Code   RO          579    .text               c_w.l(_printf_dec.o)
    0x080049b8   0x0000010e   Code   RO          589    .text               c_w.l(__printf_wp.o)
    0x08004ac6   0x00000024   Code   RO          604    .text               c_w.l(strstr.o)
    0x08004aea   0x0000003e   Code   RO          606    .text               c_w.l(strlen.o)
    0x08004b28   0x00000018   Code   RO          608    .text               c_w.l(strcat.o)
    0x08004b40   0x00000064   Code   RO          610    .text               c_w.l(rt_memcpy_w.o)
    0x08004ba4   0x00000044   Code   RO          612    .text               c_w.l(rt_memclr.o)
    0x08004be8   0x0000004e   Code   RO          614    .text               c_w.l(rt_memclr_w.o)
    0x08004c36   0x00000006   Code   RO          616    .text               c_w.l(heapauxi.o)
    0x08004c3c   0x00000002   Code   RO          710    .text               c_w.l(use_no_semi.o)
    0x08004c3e   0x00000016   Code   RO          713    .text               c_w.l(_rserrno.o)
    0x08004c54   0x000000b2   Code   RO          715    .text               c_w.l(_printf_intcommon.o)
    0x08004d06   0x0000041a   Code   RO          717    .text               c_w.l(_printf_fp_dec.o)
    0x08005120   0x00000030   Code   RO          719    .text               c_w.l(_printf_char_common.o)
    0x08005150   0x0000000a   Code   RO          721    .text               c_w.l(_sputc.o)
    0x0800515a   0x00000002   PAD
    0x0800515c   0x00000008   Code   RO          785    .text               c_w.l(rt_locale_intlibspace.o)
    0x08005164   0x00000008   Code   RO          790    .text               c_w.l(rt_errno_addr_intlibspace.o)
    0x0800516c   0x0000008a   Code   RO          792    .text               c_w.l(lludiv10.o)
    0x080051f6   0x00000002   PAD
    0x080051f8   0x00000080   Code   RO          794    .text               c_w.l(_printf_fp_infnan.o)
    0x08005278   0x000000dc   Code   RO          798    .text               c_w.l(bigflt0.o)
    0x08005354   0x00000008   Code   RO          834    .text               c_w.l(libspace.o)
    0x0800535c   0x0000004a   Code   RO          837    .text               c_w.l(sys_stackheap_outer.o)
    0x080053a6   0x00000012   Code   RO          839    .text               c_w.l(exit.o)
    0x080053b8   0x00000080   Code   RO          841    .text               c_w.l(strcmpv7m.o)
    0x08005438   0x0000003e   Code   RO          801    CL$$btod_d2e        c_w.l(btod.o)
    0x08005476   0x00000046   Code   RO          803    CL$$btod_d2e_denorm_low  c_w.l(btod.o)
    0x080054bc   0x00000060   Code   RO          802    CL$$btod_d2e_norm_op1  c_w.l(btod.o)
    0x0800551c   0x00000338   Code   RO          811    CL$$btod_div_common  c_w.l(btod.o)
    0x08005854   0x000000c6   Code   RO          808    CL$$btod_e2e        c_w.l(btod.o)
    0x0800591a   0x00000028   Code   RO          805    CL$$btod_ediv       c_w.l(btod.o)
    0x08005942   0x00000028   Code   RO          804    CL$$btod_emul       c_w.l(btod.o)
    0x0800596a   0x00000244   Code   RO          810    CL$$btod_mult_common  c_w.l(btod.o)
    0x08005bae   0x00000028   Code   RO          830    i.__ARM_fpclassify  m_ws.l(fpclassify.o)
    0x08005bd6   0x00000002   PAD
    0x08005bd8   0x00000388   Code   RO          756    i.__ieee754_rem_pio2  m_ws.l(rred.o)
    0x08005f60   0x000000fc   Code   RO          739    i.__kernel_cos      m_ws.l(cos_i.o)
    0x0800605c   0x000000aa   Code   RO          832    i.__kernel_poly     m_ws.l(poly.o)
    0x08006106   0x00000002   PAD
    0x08006108   0x000000ec   Code   RO          761    i.__kernel_sin      m_ws.l(sin_i.o)
    0x080061f4   0x00000006   Code   RO          743    i.__mathlib_dbl_infnan  m_ws.l(dunder.o)
    0x080061fa   0x0000000c   Code   RO          745    i.__mathlib_dbl_invalid  m_ws.l(dunder.o)
    0x08006206   0x00000002   PAD
    0x08006208   0x00000010   Code   RO          748    i.__mathlib_dbl_underflow  m_ws.l(dunder.o)
    0x08006218   0x0000000e   Code   RO          591    i._is_digit         c_w.l(__printf_wp.o)
    0x08006226   0x00000002   PAD
    0x08006228   0x0000009c   Code   RO          687    i.cos               m_ws.l(cos.o)
    0x080062c4   0x000000a0   Code   RO          695    i.sin               m_ws.l(sin.o)
    0x08006364   0x0000004c   Code   RO          703    i.sqrt              m_ws.l(sqrt.o)
    0x080063b0   0x0000002c   Code   RO          824    locale$$code        c_w.l(lc_numeric_c.o)
    0x080063dc   0x00000062   Code   RO          620    x$fpl$d2f           fz_ws.l(d2f.o)
    0x0800643e   0x00000002   PAD
    0x08006440   0x00000150   Code   RO          622    x$fpl$dadd          fz_ws.l(daddsub_clz.o)
    0x08006590   0x00000010   Code   RO          894    x$fpl$dcheck1       fz_ws.l(dcheck1.o)
    0x080065a0   0x00000018   Code   RO          724    x$fpl$dcmpinf       fz_ws.l(dcmpi.o)
    0x080065b8   0x000002b0   Code   RO          629    x$fpl$ddiv          fz_ws.l(ddiv.o)
    0x08006868   0x0000005e   Code   RO          632    x$fpl$dfix          fz_ws.l(dfix.o)
    0x080068c6   0x00000002   PAD
    0x080068c8   0x0000005a   Code   RO          636    x$fpl$dfixu         fz_ws.l(dfixu.o)
    0x08006922   0x0000002e   Code   RO          641    x$fpl$dflt          fz_ws.l(dflt_clz.o)
    0x08006950   0x00000026   Code   RO          640    x$fpl$dfltu         fz_ws.l(dflt_clz.o)
    0x08006976   0x00000002   PAD
    0x08006978   0x00000078   Code   RO          646    x$fpl$dleqf         fz_ws.l(dleqf.o)
    0x080069f0   0x00000154   Code   RO          648    x$fpl$dmul          fz_ws.l(dmul.o)
    0x08006b44   0x0000009c   Code   RO          726    x$fpl$dnaninf       fz_ws.l(dnaninf.o)
    0x08006be0   0x0000000c   Code   RO          728    x$fpl$dretinf       fz_ws.l(dretinf.o)
    0x08006bec   0x0000006c   Code   RO          650    x$fpl$drleqf        fz_ws.l(drleqf.o)
    0x08006c58   0x00000016   Code   RO          623    x$fpl$drsb          fz_ws.l(daddsub_clz.o)
    0x08006c6e   0x00000002   PAD
    0x08006c70   0x000001cc   Code   RO          730    x$fpl$dsqrt         fz_ws.l(dsqrt_noumaal.o)
    0x08006e3c   0x000001d4   Code   RO          624    x$fpl$dsub          fz_ws.l(daddsub_clz.o)
    0x08007010   0x00000056   Code   RO          652    x$fpl$f2d           fz_ws.l(f2d.o)
    0x08007066   0x00000002   PAD
    0x08007068   0x000000c4   Code   RO          654    x$fpl$fadd          fz_ws.l(faddsub_clz.o)
    0x0800712c   0x00000018   Code   RO          732    x$fpl$fcmpinf       fz_ws.l(fcmpi.o)
    0x08007144   0x00000184   Code   RO          661    x$fpl$fdiv          fz_ws.l(fdiv.o)
    0x080072c8   0x00000068   Code   RO          664    x$fpl$feqf          fz_ws.l(feqf.o)
    0x08007330   0x00000036   Code   RO          666    x$fpl$ffix          fz_ws.l(ffix.o)
    0x08007366   0x00000002   PAD
    0x08007368   0x0000003e   Code   RO          670    x$fpl$ffixu         fz_ws.l(ffixu.o)
    0x080073a6   0x00000002   PAD
    0x080073a8   0x00000030   Code   RO          675    x$fpl$fflt          fz_ws.l(fflt_clz.o)
    0x080073d8   0x00000026   Code   RO          674    x$fpl$ffltu         fz_ws.l(fflt_clz.o)
    0x080073fe   0x00000002   PAD
    0x08007400   0x00000068   Code   RO          680    x$fpl$fleqf         fz_ws.l(fleqf.o)
    0x08007468   0x00000102   Code   RO          682    x$fpl$fmul          fz_ws.l(fmul.o)
    0x0800756a   0x0000008c   Code   RO          734    x$fpl$fnaninf       fz_ws.l(fnaninf.o)
    0x080075f6   0x0000000a   Code   RO          736    x$fpl$fretinf       fz_ws.l(fretinf.o)
    0x08007600   0x00000014   Code   RO          655    x$fpl$frsb          fz_ws.l(faddsub_clz.o)
    0x08007614   0x000000ea   Code   RO          656    x$fpl$fsub          fz_ws.l(faddsub_clz.o)
    0x080076fe   0x00000004   Code   RO          684    x$fpl$printf1       fz_ws.l(printf1.o)
    0x08007702   0x00000064   Code   RO          902    x$fpl$retnan        fz_ws.l(retnan.o)
    0x08007766   0x0000005c   Code   RO          828    x$fpl$scalbn        fz_ws.l(scalbn.o)
    0x080077c2   0x00000030   Code   RO          915    x$fpl$trapveneer    fz_ws.l(trapv.o)
    0x080077f2   0x00000000   Code   RO          738    x$fpl$usenofp       fz_ws.l(usenofp.o)
    0x080077f2   0x00000818   Data   RO          352    .constdata          oled.o
    0x0800800a   0x00000006   PAD
    0x08008010   0x00000030   Data   RO          740    .constdata          m_ws.l(cos_i.o)
    0x08008040   0x000000c8   Data   RO          758    .constdata          m_ws.l(rred.o)
    0x08008108   0x00000028   Data   RO          762    .constdata          m_ws.l(sin_i.o)
    0x08008130   0x00000094   Data   RO          799    .constdata          c_w.l(bigflt0.o)
    0x080081c4   0x0000001b   Data   RO          323    .conststring        menu.o
    0x080081df   0x00000001   PAD
    0x080081e0   0x00000020   Data   RO          975    Region$$Table       anon$$obj.o
    0x08008200   0x0000001c   Data   RO          823    locale$$data        c_w.l(lc_numeric_c.o)


    Execution Region RW_IRAM1 (Base: 0x20000000, Size: 0x00002568, Max: 0x00010000, ABSOLUTE, COMPRESSED[0x0000011c])

    Base Addr    Size         Type   Attr      Idx    E Section Name        Object

    0x20000000   0x00000038   Data   RW            3    .data               main.o
    0x20000038   0x00000014   Data   RW          139    .data               system_stm32f10x.o
    0x2000004c   0x00000010   Data   RW          197    .data               spwm.o
    0x2000005c   0x00000004   Data   RW          215    .data               feedback.o
    0x20000060   0x00000002   Data   RW          247    .data               dma.o
    0x20000062   0x00000002   PAD
    0x20000064   0x00000060   Data   RW          324    .data               menu.o
    0x200000c4   0x000001c0   Data   RW          353    .data               oled.o
    0x20000284   0x00000004   Data   RW          402    .data               delay.o
    0x20000288   0x00000006   Data   RW          429    .data               usart.o
    0x2000028e   0x00000014   Data   RW          493    .data               stm32f10x_rcc.o
    0x200002a2   0x00000002   PAD
    0x200002a4   0x00000e30   Zero   RW            2    .bss                main.o
    0x200010d4   0x0000002c   Zero   RW          246    .bss                dma.o
    0x20001100   0x00000800   Zero   RW          277    .bss                stmflash.o
    0x20001900   0x0000013c   Zero   RW          322    .bss                menu.o
    0x20001a3c   0x00000400   Zero   RW          351    .bss                oled.o
    0x20001e3c   0x000000c8   Zero   RW          428    .bss                usart.o
    0x20001f04   0x00000060   Zero   RW          835    .bss                c_w.l(libspace.o)
    0x20001f64   0x00000004   PAD
    0x20001f68   0x00000200   Zero   RW          462    HEAP                startup_stm32f10x_hd.o
    0x20002168   0x00000400   Zero   RW          461    STACK               startup_stm32f10x_hd.o


==============================================================================

Image component sizes


      Code (inc. data)   RO Data    RW Data    ZI Data      Debug   Object Name

       312         14          0          0          0       1151   adc.o
         0          0          0          0          0         32   core_cm3.o
       212         18          0          4          0       1059   delay.o
       104         12          0          2         44       1296   dma.o
       660         36          0          4          0       3011   feedback.o
       288         18          0          0          0        800   key.o
       228         48          0         56       3632     265146   main.o
      2956        322         27         96        316       8962   menu.o
       220         22          0          0          0       1817   misc.o
      1504         22       2072        448       1024       6068   oled.o
       172          0          0          0          0       1608   queue.o
        44          4          0         16          0       1429   spwm.o
       170          0          0          0          0       1512   stack.o
        64         26        304          0       1536        796   startup_stm32f10x_hd.o
      1102         26          0          0          0      11061   stm32f10x_adc.o
       596          8          0          0          0       4382   stm32f10x_dma.o
      1468         34          0          0          0      14582   stm32f10x_flash.o
       860         38          0          0          0       5753   stm32f10x_gpio.o
        26          0          0          0          0       1190   stm32f10x_it.o
       932         36          0         20          0       8944   stm32f10x_rcc.o
      3610         88          0          0          0      22860   stm32f10x_tim.o
      1032         22          0          0          0       8476   stm32f10x_usart.o
       324          8          0          0       2048       2762   stmflash.o
        12          0          0          0          0        461   sys.o
       480         38          0         20          0       1767   system_stm32f10x.o
       448         18          0          0          0     215384   timer.o
       320         16          0          6        200       3202   usart.o

    ----------------------------------------------------------------------
     18152        874       2442        676       8800     595511   Object Totals
         0          0         32          0          0          0   (incl. Generated)
         8          0          7          4          0          0   (incl. Padding)

    ----------------------------------------------------------------------

      Code (inc. data)   RO Data    RW Data    ZI Data      Debug   Library Member Name

        90          0          0          0          0          0   __dczerorl2.o
         8          0          0          0          0         68   __main.o
       284          0          0          0          0        156   __printf_wp.o
         0          0          0          0          0          0   __rtentry.o
        12          0          0          0          0          0   __rtentry2.o
         6          0          0          0          0          0   __rtentry4.o
        52          8          0          0          0          0   __scatter.o
        28          0          0          0          0          0   __scatter_zi.o
        48          6          0          0          0         96   _printf_char_common.o
         6          0          0          0          0          0   _printf_d.o
       120         16          0          0          0         92   _printf_dec.o
         6          0          0          0          0          0   _printf_f.o
      1050          0          0          0          0        216   _printf_fp_dec.o
       128         16          0          0          0         84   _printf_fp_infnan.o
       178          0          0          0          0         88   _printf_intcommon.o
         0          0          0          0          0          0   _printf_percent.o
         4          0          0          0          0          0   _printf_percent_end.o
        22          0          0          0          0        100   _rserrno.o
        10          0          0          0          0         68   _sputc.o
       220          4        148          0          0         96   bigflt0.o
      1910        128          0          0          0        672   btod.o
        18          0          0          0          0         80   exit.o
         6          0          0          0          0        152   heapauxi.o
        44         10         28          0          0         76   lc_numeric_c.o
         2          0          0          0          0          0   libinit.o
        18          0          0          0          0          0   libinit2.o
         2          0          0          0          0          0   libshutdown.o
         2          0          0          0          0          0   libshutdown2.o
         8          4          0          0         96         68   libspace.o
       138          0          0          0          0         80   lludiv10.o
        40          6          0          0          0         84   noretval__2sprintf.o
         8          4          0          0          0         68   rt_errno_addr_intlibspace.o
         8          4          0          0          0         68   rt_locale_intlibspace.o
        68          0          0          0          0         68   rt_memclr.o
        78          0          0          0          0         80   rt_memclr_w.o
       100          0          0          0          0         80   rt_memcpy_w.o
         2          0          0          0          0          0   rtexit.o
        10          0          0          0          0          0   rtexit2.o
        24          0          0          0          0         68   strcat.o
       128          0          0          0          0         68   strcmpv7m.o
        62          0          0          0          0         76   strlen.o
        36          0          0          0          0         80   strstr.o
        74          0          0          0          0         80   sys_stackheap_outer.o
         2          0          0          0          0         68   use_no_semi.o
         2          0          0          0          0         68   use_no_semi_2.o
        98          4          0          0          0         92   d2f.o
       826         16          0          0          0        348   daddsub_clz.o
        16          4          0          0          0         68   dcheck1.o
        24          0          0          0          0         68   dcmpi.o
       688        140          0          0          0        208   ddiv.o
        94          4          0          0          0         92   dfix.o
        90          4          0          0          0         92   dfixu.o
        84          0          0          0          0        136   dflt_clz.o
       120          4          0          0          0         92   dleqf.o
       340         12          0          0          0        104   dmul.o
       156          4          0          0          0         92   dnaninf.o
        12          0          0          0          0         68   dretinf.o
       108          0          0          0          0         80   drleqf.o
       460         56          0          0          0        120   dsqrt_noumaal.o
        86          4          0          0          0         84   f2d.o
       450          8          0          0          0        236   faddsub_clz.o
        24          0          0          0          0         68   fcmpi.o
       388         76          0          0          0         96   fdiv.o
       104          4          0          0          0         84   feqf.o
        54          4          0          0          0         84   ffix.o
        62          4          0          0          0         84   ffixu.o
        86          0          0          0          0        136   fflt_clz.o
       104          4          0          0          0         84   fleqf.o
       258          4          0          0          0         84   fmul.o
       140          4          0          0          0         84   fnaninf.o
        10          0          0          0          0         68   fretinf.o
         4          0          0          0          0         68   printf1.o
       100          0          0          0          0         68   retnan.o
        92          0          0          0          0         68   scalbn.o
        48          0          0          0          0         68   trapv.o
         0          0          0          0          0          0   usenofp.o
       156          8          0          0          0        104   cos.o
       252         22         48          0          0        124   cos_i.o
        34          6          0          0          0        204   dunder.o
        40          0          0          0          0         68   fpclassify.o
       170          0          0          0          0         96   poly.o
       904         76        200          0          0        140   rred.o
       160         10          0          0          0        108   sin.o
       236         12         40          0          0        128   sin_i.o
        76          0          0          0          0         84   sqrt.o

    ----------------------------------------------------------------------
     12250        700        464          0        100       7328   Library Totals
        34          0          0          0          4          0   (incl. Padding)

    ----------------------------------------------------------------------

      Code (inc. data)   RO Data    RW Data    ZI Data      Debug   Library Name

      5062        206        176          0         96       3148   c_w.l
      5126        360          0          0          0       3124   fz_ws.l
      2028        134        288          0          0       1056   m_ws.l

    ----------------------------------------------------------------------
     12250        700        464          0        100       7328   Library Totals

    ----------------------------------------------------------------------

==============================================================================


      Code (inc. data)   RO Data    RW Data    ZI Data      Debug   

     30402       1574       2906        676       8900     596387   Grand Totals
     30402       1574       2906        284       8900     596387   ELF Image Totals (compressed)
     30402       1574       2906        284          0          0   ROM Totals

==============================================================================

    Total RO  Size (Code + RO Data)                33308 (  32.53kB)
    Total RW  Size (RW Data + ZI Data)              9576 (   9.35kB)
    Total ROM Size (Code + RO Data + RW Data)      33592 (  32.80kB)

==============================================================================

